Archive member included to satisfy reference by file (symbol)

/opt/devkitpro/libgba/lib/libmm.a(mm_mas.o)
                              bn_hw_audio.o (mmStart)
/opt/devkitpro/libgba/lib/libmm.a(mm_main.o)
                              /opt/devkitpro/libgba/lib/libmm.a(mm_mas.o) (mmCallback)
/opt/devkitpro/libgba/lib/libmm.a(mm_effect.o)
                              bn_hw_audio.o (mmEffect)
/opt/devkitpro/libgba/lib/libmm.a(mm_mas_arm.o)
                              /opt/devkitpro/libgba/lib/libmm.a(mm_mas.o) (mmAllocChannel)
/opt/devkitpro/libgba/lib/libmm.a(mm_mixer_gba.o)
                              bn_hw_audio.o (mmVBlank)
/opt/devkitpro/libgba/lib/libmm.a(mm_main_gba.o)
                              /opt/devkitpro/libgba/lib/libmm.a(mm_mixer_gba.o) (mm_vblank_function)
/opt/devkitpro/devkitARM/bin/../lib/gcc/arm-none-eabi/13.1.0/thumb/libgcc.a(_call_via_rX.o)
                              /opt/devkitpro/libgba/lib/libmm.a(mm_main_gba.o) (_call_via_r1)
/opt/devkitpro/devkitARM/bin/../lib/gcc/arm-none-eabi/13.1.0/thumb/libgcc.a(_aeabi_ldivmod.o)
                              bn_hw_text.o (__aeabi_ldivmod)
/opt/devkitpro/devkitARM/bin/../lib/gcc/arm-none-eabi/13.1.0/thumb/libgcc.a(_aeabi_uldivmod.o)
                              bn_hw_text.o (__aeabi_uldivmod)
/opt/devkitpro/devkitARM/bin/../lib/gcc/arm-none-eabi/13.1.0/thumb/libgcc.a(_udivmoddi4.o)
                              /opt/devkitpro/devkitARM/bin/../lib/gcc/arm-none-eabi/13.1.0/thumb/libgcc.a(_aeabi_ldivmod.o) (__udivmoddi4)
/opt/devkitpro/devkitARM/bin/../lib/gcc/arm-none-eabi/13.1.0/../../../../arm-none-eabi/lib/thumb/libg.a(libc_a-init.o)
                              /opt/devkitpro/devkitARM/bin/../lib/gcc/arm-none-eabi/13.1.0/../../../../arm-none-eabi/lib/thumb/gba_crt0.o (__libc_init_array)
/opt/devkitpro/devkitARM/bin/../lib/gcc/arm-none-eabi/13.1.0/../../../../arm-none-eabi/lib/thumb/libsysbase.a(libsysbase_libsysbase_a-malloc_vars.o)
                              /opt/devkitpro/devkitARM/bin/../lib/gcc/arm-none-eabi/13.1.0/../../../../arm-none-eabi/lib/thumb/gba_crt0.o (fake_heap_end)

Discarded input sections

 .text          0x00000000        0x0 /opt/devkitpro/devkitARM/bin/../lib/gcc/arm-none-eabi/13.1.0/../../../../arm-none-eabi/lib/thumb/gba_crt0.o
 .data          0x00000000        0x0 /opt/devkitpro/devkitARM/bin/../lib/gcc/arm-none-eabi/13.1.0/../../../../arm-none-eabi/lib/thumb/gba_crt0.o
 .bss           0x00000000        0x0 /opt/devkitpro/devkitARM/bin/../lib/gcc/arm-none-eabi/13.1.0/../../../../arm-none-eabi/lib/thumb/gba_crt0.o
 .text          0x00000000        0x0 /opt/devkitpro/devkitARM/bin/../lib/gcc/arm-none-eabi/13.1.0/thumb/crti.o
 .data          0x00000000        0x0 /opt/devkitpro/devkitARM/bin/../lib/gcc/arm-none-eabi/13.1.0/thumb/crti.o
 .bss           0x00000000        0x0 /opt/devkitpro/devkitARM/bin/../lib/gcc/arm-none-eabi/13.1.0/thumb/crti.o
 .text          0x00000000        0x0 /opt/devkitpro/devkitARM/bin/../lib/gcc/arm-none-eabi/13.1.0/thumb/crtbegin.o
 .data          0x00000000        0x0 /opt/devkitpro/devkitARM/bin/../lib/gcc/arm-none-eabi/13.1.0/thumb/crtbegin.o
 .bss           0x00000000        0x0 /opt/devkitpro/devkitARM/bin/../lib/gcc/arm-none-eabi/13.1.0/thumb/crtbegin.o
 .rodata.all_implied_fbits
                0x00000000       0x24 /opt/devkitpro/devkitARM/bin/../lib/gcc/arm-none-eabi/13.1.0/thumb/crtbegin.o
 .data.__dso_handle
                0x00000000        0x4 /opt/devkitpro/devkitARM/bin/../lib/gcc/arm-none-eabi/13.1.0/thumb/crtbegin.o
 .text          0x00000000        0x0 _bn_audio_soundbank.bin.o
 .data          0x00000000        0x0 _bn_audio_soundbank.bin.o
 .bss           0x00000000        0x0 _bn_audio_soundbank.bin.o
 .text          0x00000000        0x0 bg_bn_gfx.o
 .data          0x00000000        0x0 bg_bn_gfx.o
 .bss           0x00000000        0x0 bg_bn_gfx.o
 .text          0x00000000        0x0 common_variable_8x8_font_bn_gfx.o
 .data          0x00000000        0x0 common_variable_8x8_font_bn_gfx.o
 .bss           0x00000000        0x0 common_variable_8x8_font_bn_gfx.o
 .rodata        0x00000000      0xde0 common_variable_8x8_font_bn_gfx.o
 .text          0x00000000        0x0 d10_bn_gfx.o
 .data          0x00000000        0x0 d10_bn_gfx.o
 .bss           0x00000000        0x0 d10_bn_gfx.o
 .text          0x00000000        0x0 d12_bn_gfx.o
 .data          0x00000000        0x0 d12_bn_gfx.o
 .bss           0x00000000        0x0 d12_bn_gfx.o
 .text          0x00000000        0x0 d20_bn_gfx.o
 .data          0x00000000        0x0 d20_bn_gfx.o
 .bss           0x00000000        0x0 d20_bn_gfx.o
 .text          0x00000000        0x0 d4_bn_gfx.o
 .data          0x00000000        0x0 d4_bn_gfx.o
 .bss           0x00000000        0x0 d4_bn_gfx.o
 .text          0x00000000        0x0 d4_old_bn_gfx.o
 .data          0x00000000        0x0 d4_old_bn_gfx.o
 .bss           0x00000000        0x0 d4_old_bn_gfx.o
 .rodata        0x00000000      0xa20 d4_old_bn_gfx.o
[...]
Memory Configuration

Name             Origin             Length             Attributes
rom              0x08000000         0x02000000
iwram            0x03000000         0x00008000
ewram            0x02000000         0x00040000
*default*        0x00000000         0xffffffff

Linker script and memory map

                0x08000000                        __text_start = ORIGIN (rom)
                0x02040000                        __eheap_end = (ORIGIN (ewram) + LENGTH (ewram))
                0x03000000                        __iwram_start = ORIGIN (iwram)
                0x03008000                        __iwram_top = (ORIGIN (iwram) + LENGTH (iwram))
                0x03007fa0                        __sp_irq = (__iwram_top - 0x60)
                0x03007f00                        __sp_usr = (__sp_irq - 0xa0)
                0x03007ff8                        __irq_flags = 0x3007ff8
                0x08000000                        . = __text_start

.crt0           0x08000000      0x210
 *(.crt0)
 .crt0          0x08000000      0x210 /opt/devkitpro/devkitARM/bin/../lib/gcc/arm-none-eabi/13.1.0/../../../../arm-none-eabi/lib/thumb/gba_crt0.o
                0x08000000                _start
                0x080000c4                __boot_method
                0x080000c5                __slave_number
                0x080000e0                start_vector
                0x08000210                        . = ALIGN (0x4)

.init           0x08000210        0xc
 *(SORT_NONE(.init))
 .init          0x08000210        0x4 /opt/devkitpro/devkitARM/bin/../lib/gcc/arm-none-eabi/13.1.0/thumb/crti.o
                0x08000210                _init
 .init          0x08000214        0x8 /opt/devkitpro/devkitARM/bin/../lib/gcc/arm-none-eabi/13.1.0/thumb/crtn.o

.plt            0x0800021c        0x0
 *(.plt)
                0x0800021c                        . = ALIGN (0x4)

.text           0x08000220    0x1f6f8
 *(EXCLUDE_FILE(*.iwram*) .text*)
 .text.__do_global_dtors_aux
                0x08000220       0x2c /opt/devkitpro/devkitARM/bin/../lib/gcc/arm-none-eabi/13.1.0/thumb/crtbegin.o
 .text.frame_dummy
                0x0800024c       0x24 /opt/devkitpro/devkitARM/bin/../lib/gcc/arm-none-eabi/13.1.0/thumb/crtbegin.o
 .text._ZN9Animation4InitEv
                0x08000270        0x4 Animation.o
                0x08000270                Bob::Init()
                0x08000270                Animation::Init()
 .text._ZN9Animation6UpdateEv
                0x08000274        0x4 Animation.o
                0x08000274                Animation::Update()
 .text._ZN3BobD2Ev
                0x08000278        0x4 Animation.o
                0x08000278                Bob::~Bob()
                0x08000278                Bob::~Bob()
 .text._ZN15EaseOutAndScaleD2Ev
                0x0800027c        0x4 Animation.o
                0x0800027c                EaseOutAndScale::~EaseOutAndScale()
                0x0800027c                EaseOutAndScale::~EaseOutAndScale()
 .text._ZN16RemoveFromParentD2Ev
                0x08000280        0x4 Animation.o
                0x08000280                RemoveFromParent::~RemoveFromParent()
                0x08000280                RemoveFromParent::~RemoveFromParent()
 .text._ZN7EaseOutD2Ev
                0x08000284        0x4 Animation.o
                0x08000284                EaseOut::~EaseOut()
                0x08000284                EaseOut::~EaseOut()
 .text._ZN6EaseInD2Ev
                0x08000288        0x4 Animation.o
                0x08000288                EaseIn::~EaseIn()
                0x08000288                EaseIn::~EaseIn()
 .text._ZN3BobD0Ev
                0x0800028c       0x14 Animation.o
                0x0800028c                Bob::~Bob()
 .text._ZN15EaseOutAndScaleD0Ev
                0x080002a0       0x14 Animation.o
                0x080002a0                EaseOutAndScale::~EaseOutAndScale()
 .text._ZN16RemoveFromParentD0Ev
                0x080002b4       0x14 Animation.o
                0x080002b4                RemoveFromParent::~RemoveFromParent()
 .text._ZN7EaseOutD0Ev
                0x080002c8       0x14 Animation.o
                0x080002c8                EaseOut::~EaseOut()
 .text._ZN6EaseInD0Ev
                0x080002dc       0x14 Animation.o
                0x080002dc                EaseIn::~EaseIn()
 .text._ZN6EaseIn4InitEv
                0x080002f0       0x20 Animation.o
                0x080002f0                EaseIn::Init()
 .text._ZN7EaseOut4InitEv
                0x08000310       0x20 Animation.o
                0x08000310                EaseOut::Init()
 .text._ZN16RemoveFromParent4InitEv
                0x08000330       0x18 Animation.o
                0x08000330                RemoveFromParent::Init()
 .text._ZN15EaseOutAndScale4InitEv
                0x08000348       0x28 Animation.o
                0x08000348                EaseOutAndScale::Init()
 .text._ZN6EaseIn6UpdateEv
                0x08000370       0x94 Animation.o
                0x08000370                EaseIn::Update()
 .text._ZN9Animation9SetObjectEP10GameObject
                0x08000404        0x4 Animation.o
                0x08000404                Animation::SetObject(GameObject*)
 .text._ZN9Animation10BaseUpdateEv
                0x08000408       0x14 Animation.o
                0x08000408                Animation::BaseUpdate()
 .text._ZN6EaseInC2E7Vector2jj
                0x0800041c       0x34 Animation.o
                0x0800041c                EaseIn::EaseIn(Vector2, unsigned int, unsigned int)
                0x0800041c                EaseIn::EaseIn(Vector2, unsigned int, unsigned int)
 .text._ZN7EaseOutC2E7Vector2jj
                0x08000450       0x34 Animation.o
                0x08000450                EaseOut::EaseOut(Vector2, unsigned int, unsigned int)
                0x08000450                EaseOut::EaseOut(Vector2, unsigned int, unsigned int)
 .text._ZN16RemoveFromParentC2Ej
                0x08000484       0x14 Animation.o
                0x08000484                RemoveFromParent::RemoveFromParent(unsigned int)
                0x08000484                RemoveFromParent::RemoveFromParent(unsigned int)
 .text._ZN15EaseOutAndScaleC2E7Vector2N2bn7fixed_tILi12EEEjj
                0x08000498       0x3c Animation.o
                0x08000498                EaseOutAndScale::EaseOutAndScale(Vector2, bn::fixed_t<12>, unsigned int, unsigned int)
                0x08000498                EaseOutAndScale::EaseOutAndScale(Vector2, bn::fixed_t<12>, unsigned int, unsigned int)
 .text._ZN3BobC2E7Vector2jj
                0x080004d4       0x30 Animation.o
                0x080004d4                Bob::Bob(Vector2, unsigned int, unsigned int)
                0x080004d4                Bob::Bob(Vector2, unsigned int, unsigned int)
 .text._ZN3_bn6assert9show_argsIA16_ciEEvPKcS4_S4_iRKT_RKT0_
                0x08000504       0x58 Animation.o
                0x08000504                void _bn::assert::show_args<char [16], int>(char const*, char const*, char const*, int, char const (&) [16], int const&)
 .text._ZN15EaseOutAndScale6UpdateEv
                0x0800055c       0xcc Animation.o
                0x0800055c                EaseOutAndScale::Update()
 .text._ZN7EaseOut6UpdateEv
                0x08000628       0xac Animation.o
                0x08000628                EaseOut::Update()
 .text._ZN2bn13ostringstream6appendILi12EEEvNS_7fixed_tIXT_EEE
                0x080006d4       0xa0 Animation.o
                0x080006d4                void bn::ostringstream::append<12>(bn::fixed_t<12>)
 .text._ZN3_bn6assert9show_argsIA38_cN2bn7fixed_tILi12EEEEEvPKcS7_S7_iRKT_RKT0_
                0x08000774       0x58 Animation.o
                0x08000774                void _bn::assert::show_args<char [38], bn::fixed_t<12> >(char const*, char const*, char const*, int, char const (&) [38], bn::fixed_t<12> const&)
 .text._ZN3Bob6UpdateEv
                0x080007cc       0xbc Animation.o
                0x080007cc                Bob::Update()
 .text._ZN8Animator4DrawEv
                0x08000888        0x4 Animator.o
                0x08000888                Animator::Draw()
 .text._ZN8Animator13GetAnimationsEv
                0x0800088c        0x4 Animator.o
                0x0800088c                Animator::GetAnimations()
 .text._ZN3_bn6assert9show_argsIA13_cEEvPKcS4_S4_iRKT_
                0x08000890       0x50 Animator.o
                0x08000890                void _bn::assert::show_args<char [13]>(char const*, char const*, char const*, int, char const (&) [13])
 .text._ZN8Animator12AddAnimationEP9Animation
                0x080008e0       0x8c Animator.o
                0x080008e0                Animator::AddAnimation(Animation*)
 .text._ZN3_bn6assert9show_argsIA14_cEEvPKcS4_S4_iRKT_
                0x0800096c       0x50 Animator.o
                0x0800096c                void _bn::assert::show_args<char [14]>(char const*, char const*, char const*, int, char const (&) [14])
 .text._ZN3_bn6assert9show_argsIA33_cEEvPKcS4_S4_iRKT_
                0x080009bc       0x50 Animator.o
                0x080009bc                void _bn::assert::show_args<char [33]>(char const*, char const*, char const*, int, char const (&) [33])
 .text._ZN8Animator6UpdateEv
                0x08000a0c       0xf4 Animator.o
                0x08000a0c                Animator::Update()
 .text._ZN8Animator18ClearAllAnimationsEv
                0x08000b00       0xa0 Animator.o
                0x08000b00                Animator::ClearAllAnimations()
 .text._ZN8AnimatorD2Ev
                0x08000ba0       0x88 Animator.o
                0x08000ba0                Animator::~Animator()
                0x08000ba0                Animator::~Animator()
 .text._ZN8AnimatorD0Ev
                0x08000c28       0x90 Animator.o
                0x08000c28                Animator::~Animator()
 .text._ZN6PillarD2Ev
                0x08000cb8       0x18 Crane.o
                0x08000cb8                Pillar::~Pillar()
                0x08000cb8                Pillar::~Pillar()
 .text._ZN6PillarD0Ev
                0x08000cd0       0x24 Crane.o
                0x08000cd0                Pillar::~Pillar()
 .text._ZN6Pillar13MakeDieOfTypeEv
                0x08000cf4       0xdc Crane.o
                0x08000cf4                Pillar::MakeDieOfType()
 .text._ZN5Crane4SkipEv
                0x08000dd0       0x24 Crane.o
                0x08000dd0                Crane::Skip()
 .text._ZN3_bn6assert9show_argsIJA16_ciA4_ciEEEvPKcS5_S5_iDpRKT_
                0x08000df4       0x6c Crane.o
                0x08000df4                void _bn::assert::show_args<char [16], int, char [4], int>(char const*, char const*, char const*, int, char const (&) [16], int const&, char const (&) [4], int const&)
 .text._ZN6Pillar9SetZOrderEi
                0x08000e60       0x44 Crane.o
                0x08000e60                Pillar::SetZOrder(int)
 .text._ZN6Pillar22ApplyPillarInformationE17PillarInformation
                0x08000ea4       0x74 Crane.o
                0x08000ea4                Pillar::ApplyPillarInformation(PillarInformation)
 .text._ZN6Pillar11IncorporateE17PillarInformation
                0x08000f18       0x50 Crane.o
                0x08000f18                Pillar::Incorporate(PillarInformation)
 .text._ZN6Pillar8SeperateE17PillarInformation
                0x08000f68       0x4c Crane.o
                0x08000f68                Pillar::Seperate(PillarInformation)
 .text._ZN3_bn6assert9show_argsIA16_cEEvPKcS4_S4_iRKT_
                0x08000fb4       0x50 Crane.o
                0x08000fb4                void _bn::assert::show_args<char [16]>(char const*, char const*, char const*, int, char const (&) [16])
 .text._ZN6Pillar9RemoveDieEv
                0x08001004      0x204 Crane.o
                0x08001004                Pillar::RemoveDie()
 .text._ZN6Pillar9DecrementEv
                0x08001208       0xe0 Crane.o
                0x08001208                Pillar::Decrement()
 .text._ZN5Crane17DecrementSelectedEv
                0x080012e8       0x30 Crane.o
                0x080012e8                Crane::DecrementSelected()
 .text._ZN3_bn6assert9show_argsIA15_cEEvPKcS4_S4_iRKT_
                0x08001318       0x50 Crane.o
                0x08001318                void _bn::assert::show_args<char [15]>(char const*, char const*, char const*, int, char const (&) [15])
 .text._ZN6Pillar6AddDieEv
                0x08001368      0x1e8 Crane.o
                0x08001368                Pillar::AddDie()
 .text._ZN6Pillar9IncrementEv
                0x08001550       0xe4 Crane.o
                0x08001550                Pillar::Increment()
 .text._ZN5Crane17IncrementSelectedEv
                0x08001634       0x2c Crane.o
                0x08001634                Crane::IncrementSelected()
 .text._ZN5Crane8SeperateEv
                0x08001660      0x12c Crane.o
                0x08001660                Crane::Seperate()
 .text._ZN6PillarC2Eii
                0x0800178c      0x2f0 Crane.o
                0x0800178c                Pillar::Pillar(int, int)
                0x0800178c                Pillar::Pillar(int, int)
 .text._ZN5CraneC2Ev
                0x08001a7c      0x428 Crane.o
                0x08001a7c                Crane::Crane()
                0x08001a7c                Crane::Crane()
 .text._ZN5Crane10RotateLeftEv
                0x08001ea4      0x150 Crane.o
                0x08001ea4                Crane::RotateLeft()
 .text._ZN5CraneD2Ev
                0x08001ff4       0xd0 Crane.o
                0x08001ff4                Crane::~Crane()
                0x08001ff4                Crane::~Crane()
 .text._ZN5CraneD0Ev
                0x080020c4       0x1c Crane.o
                0x080020c4                Crane::~Crane()
 .text._ZN5Crane11RotateRightEv
                0x080020e0      0x14c Crane.o
                0x080020e0                Crane::RotateRight()
 .text.startup._GLOBAL__sub_I__ZN6PillarC2Eii
                0x0800222c       0x1c Crane.o
 .text._ZN3D10D2Ev
                0x08002248       0x34 D10.o
                0x08002248                D10::~D10()
                0x08002248                D10::~D10()
 .text._ZN3D106UpdateEv
                0x0800227c       0x30 D10.o
                0x0800227c                D10::Update()
 .text._ZN3D10D0Ev
                0x080022ac       0x40 D10.o
                0x080022ac                D10::~D10()
 .text._ZN3D104StopEv
                0x080022ec      0x19c D10.o
                0x080022ec                D10::Stop()
 .text._ZN3D104RollEv
                0x08002488      0x150 D10.o
                0x08002488                D10::Roll()
 .text._ZN3D105ResetEv
                0x080025d8      0x130 D10.o
                0x080025d8                D10::Reset()
 .text._ZN3D108SetDigitEi
                0x08002708      0x118 D10.o
                0x08002708                D10::SetDigit(int)
 .text._ZN3D10C2EiRK7Vector2i
                0x08002820      0x160 D10.o
                0x08002820                D10::D10(int, Vector2 const&, int)
                0x08002820                D10::D10(int, Vector2 const&, int)
 .text._ZN3D104DrawEv
                0x08002980       0x18 D10.o
                0x08002980                D10::Draw()
 .text._ZN3D12D2Ev
                0x08002998       0x34 D12.o
                0x08002998                D12::~D12()
                0x08002998                D12::~D12()
 .text._ZN3D126UpdateEv
                0x080029cc       0x30 D12.o
                0x080029cc                D12::Update()
 .text._ZN3D12D0Ev
                0x080029fc       0x40 D12.o
                0x080029fc                D12::~D12()
 .text._ZN3D124StopEv
                0x08002a3c      0x1a0 D12.o
                0x08002a3c                D12::Stop()
 .text._ZN3D124RollEv
                0x08002bdc      0x154 D12.o
                0x08002bdc                D12::Roll()
 .text._ZN3D125ResetEv
                0x08002d30      0x134 D12.o
                0x08002d30                D12::Reset()
 .text._ZN3D128SetDigitEi
                0x08002e64      0x11c D12.o
                0x08002e64                D12::SetDigit(int)
 .text._ZN3D12C2EiRK7Vector2i
                0x08002f80      0x164 D12.o
                0x08002f80                D12::D12(int, Vector2 const&, int)
                0x08002f80                D12::D12(int, Vector2 const&, int)
 .text._ZN3D124DrawEv
                0x080030e4       0x18 D12.o
                0x080030e4                D12::Draw()
 .text._ZN3D20D2Ev
                0x080030fc       0x34 D20.o
                0x080030fc                D20::~D20()
                0x080030fc                D20::~D20()
 .text._ZN3D206UpdateEv
                0x08003130       0x30 D20.o
                0x08003130                D20::Update()
 .text._ZN3D20D0Ev
                0x08003160       0x40 D20.o
                0x08003160                D20::~D20()
 .text._ZN3D204StopEv
                0x080031a0      0x1a8 D20.o
                0x080031a0                D20::Stop()
 .text._ZN3D204RollEv
                0x08003348      0x178 D20.o
                0x08003348                D20::Roll()
 .text._ZN3D205ResetEv
                0x080034c0       0xf4 D20.o
                0x080034c0                D20::Reset()
 .text._ZN3D208SetDigitEi
                0x080035b4      0x124 D20.o
                0x080035b4                D20::SetDigit(int)
 .text._ZN3D20C2EiRK7Vector2i
                0x080036d8      0x16c D20.o
                0x080036d8                D20::D20(int, Vector2 const&, int)
                0x080036d8                D20::D20(int, Vector2 const&, int)
 .text._ZN3D204DrawEv
                0x08003844       0x18 D20.o
                0x08003844                D20::Draw()
 .text._ZN2D4D2Ev
                0x0800385c       0x34 D4.o
                0x0800385c                D4::~D4()
                0x0800385c                D4::~D4()
 .text._ZN2D46UpdateEv
                0x08003890       0x30 D4.o
                0x08003890                D4::Update()
 .text._ZN2D4D0Ev
                0x080038c0       0x40 D4.o
                0x080038c0                D4::~D4()
 .text._ZN2D44StopEv
                0x08003900      0x19c D4.o
                0x08003900                D4::Stop()
 .text._ZN2D44RollEv
                0x08003a9c      0x140 D4.o
                0x08003a9c                D4::Roll()
 .text._ZN2D45ResetEv
                0x08003bdc      0x140 D4.o
                0x08003bdc                D4::Reset()
 .text._ZN2D48SetDigitEi
                0x08003d1c      0x128 D4.o
                0x08003d1c                D4::SetDigit(int)
 .text._ZN2D4C2EiRK7Vector2i
                0x08003e44      0x15c D4.o
                0x08003e44                D4::D4(int, Vector2 const&, int)
                0x08003e44                D4::D4(int, Vector2 const&, int)
 .text._ZN2D44DrawEv
                0x08003fa0       0x18 D4.o
                0x08003fa0                D4::Draw()
 .text._ZN2D6D2Ev
                0x08003fb8       0x34 D6.o
                0x08003fb8                D6::~D6()
                0x08003fb8                D6::~D6()
 .text._ZN2D66UpdateEv
                0x08003fec       0x28 D6.o
                0x08003fec                D6::Update()
 .text._ZN2D6D0Ev
                0x08004014       0x40 D6.o
                0x08004014                D6::~D6()
 .text._ZN2D64StopEv
                0x08004054      0x198 D6.o
                0x08004054                D6::Stop()
 .text._ZN2D64RollEv
                0x080041ec      0x13c D6.o
                0x080041ec                D6::Roll()
 .text._ZN2D65ResetEv
                0x08004328      0x12c D6.o
                0x08004328                D6::Reset()
 .text._ZN2D68SetDigitEi
                0x08004454      0x114 D6.o
                0x08004454                D6::SetDigit(int)
 .text._ZN2D6C2EiRK7Vector2i
                0x08004568      0x15c D6.o
                0x08004568                D6::D6(int, Vector2 const&, int)
                0x08004568                D6::D6(int, Vector2 const&, int)
 .text._ZN2D64DrawEv
                0x080046c4       0x18 D6.o
                0x080046c4                D6::Draw()
 .text._ZN2D8D2Ev
                0x080046dc       0x34 D8.o
                0x080046dc                D8::~D8()
                0x080046dc                D8::~D8()
 .text._ZN2D86UpdateEv
                0x08004710       0x28 D8.o
                0x08004710                D8::Update()
 .text._ZN2D8D0Ev
                0x08004738       0x40 D8.o
                0x08004738                D8::~D8()
 .text._ZN2D84StopEv
                0x08004778      0x19c D8.o
                0x08004778                D8::Stop()
 .text._ZN2D84RollEv
                0x08004914      0x148 D8.o
                0x08004914                D8::Roll()
 .text._ZN2D85ResetEv
                0x08004a5c      0x130 D8.o
                0x08004a5c                D8::Reset()
 .text._ZN2D88SetDigitEi
                0x08004b8c      0x118 D8.o
                0x08004b8c                D8::SetDigit(int)
 .text._ZN2D8C2EiRK7Vector2i
                0x08004ca4      0x160 D8.o
                0x08004ca4                D8::D8(int, Vector2 const&, int)
                0x08004ca4                D8::D8(int, Vector2 const&, int)
 .text._ZN2D84DrawEv
                0x08004e04       0x18 D8.o
                0x08004e04                D8::Draw()
 .text._ZN3DieC2Ei
                0x08004e1c       0x30 Die.o
                0x08004e1c                Die::Die(int)
                0x08004e1c                Die::Die(int)
 .text._ZN3DieD2Ev
                0x08004e4c       0x18 Die.o
                0x08004e4c                Die::~Die()
                0x08004e4c                Die::~Die()
 .text._ZN3Die20GenerateDistributionEiRN2bn6vectorI7Vector2Li15EEEj
                0x08004e64      0x474 Die.o
                0x08004e64                Die::GenerateDistribution(int, bn::vector<Vector2, 15>&, unsigned int)
 .text._ZN7DieRollD2Ev
                0x080052d8       0x18 DieRoll.o
                0x080052d8                DieRoll::~DieRoll()
                0x080052d8                DieRoll::~DieRoll()
 .text._ZN7DieRollD0Ev
                0x080052f0       0x24 DieRoll.o
                0x080052f0                DieRoll::~DieRoll()
 .text._ZN7DieRoll14GetRolledValueEv
                0x08005314        0x8 DieRoll.o
                0x08005314                DieRoll::GetRolledValue()
 .text._ZN7DieRoll11GetDieCountEv
                0x0800531c       0x10 DieRoll.o
                0x0800531c                DieRoll::GetDieCount()
 .text._ZN7DieRoll18IsFinishedStoppingEv
                0x0800532c       0x1c DieRoll.o
                0x0800532c                DieRoll::IsFinishedStopping()
 .text._ZN7DieRoll14GetAverageRollEv
                0x08005348       0x2c DieRoll.o
                0x08005348                DieRoll::GetAverageRoll()
 .text._ZN7DieRoll11GetGoodRollEv
                0x08005374       0x2c DieRoll.o
                0x08005374                DieRoll::GetGoodRoll()
 .text._ZN7DieRoll7StopOneEv
                0x080053a0       0xa8 DieRoll.o
                0x080053a0                DieRoll::StopOne()
 .text._ZN7DieRoll7RollAllEv
                0x08005448       0x48 DieRoll.o
                0x08005448                DieRoll::RollAll()
 .text._ZN7DieRoll7StopAllEv
                0x08005490       0x64 DieRoll.o
                0x08005490                DieRoll::StopAll()
 .text._ZN7DieRoll7RollOneEv
                0x080054f4       0x84 DieRoll.o
                0x080054f4                DieRoll::RollOne()
 .text._ZN7DieRollC2EN2bn6vectorIjLi15EEE
                0x08005578      0x220 DieRoll.o
                0x08005578                DieRoll::DieRoll(bn::vector<unsigned int, 15>)
                0x08005578                DieRoll::DieRoll(bn::vector<unsigned int, 15>)
 .text._ZZN12SceneManager11EllipseTestEvENKUlvE_clEv
                0x08005798      0x204 EllipseTest.o
 .text._ZN3_bn6assert9show_argsIJA19_ciA4_ciEEEvPKcS5_S5_iDpRKT_
                0x0800599c       0x6c EllipseTest.o
                0x0800599c                void _bn::assert::show_args<char [19], int, char [4], int>(char const*, char const*, char const*, int, char const (&) [19], int const&, char const (&) [4], int const&)
 .text._ZN12SceneManager11EllipseTestEv
                0x08005a08      0x728 EllipseTest.o
                0x08005a08                SceneManager::EllipseTest()
 .text._ZN10GameObject6UpdateEv
                0x08006130        0x4 GameObject.o
                0x08006130                GameObject::Update()
                0x08006130                GameObject::Draw()
 .text._ZN10GameObject16IsRotationLockedEv
                0x08006134        0x8 GameObject.o
                0x08006134                GameObject::IsRotationLocked()
 .text._ZN10GameObject9GetParentEv
                0x0800613c        0x8 GameObject.o
                0x0800613c                GameObject::GetParent()
 .text._ZN10GameObject11GetPositionEv
                0x08006144       0x14 GameObject.o
                0x08006144                GameObject::GetPosition()
 .text._ZN10GameObject8GetScaleEv
                0x08006158       0x10 GameObject.o
                0x08006158                GameObject::GetScale()
 .text._ZN10GameObject12GetTransformEv
                0x08006168        0x8 GameObject.o
                0x08006168                GameObject::GetTransform()
 .text._ZN10GameObject11SetPositionERK7Vector2
                0x08006170       0x14 GameObject.o
                0x08006170                GameObject::SetPosition(Vector2 const&)
 .text._ZN10GameObject11SetPositionERKN2bn7fixed_tILi12EEES4_
                0x08006184       0x18 GameObject.o
                0x08006184                GameObject::SetPosition(bn::fixed_t<12> const&, bn::fixed_t<12> const&)
 .text._ZN10GameObject8SetScaleEN2bn7fixed_tILi12EEE
                0x0800619c       0x10 GameObject.o
                0x0800619c                GameObject::SetScale(bn::fixed_t<12>)
 .text._ZN3_bn6assert9show_argsIA25_ciEEvPKcS4_S4_iRKT_RKT0_
                0x080061ac       0x58 GameObject.o
                0x080061ac                void _bn::assert::show_args<char [25], int>(char const*, char const*, char const*, int, char const (&) [25], int const&)
 .text._ZN10GameObject9GetSpriteEi
                0x08006204       0x2c GameObject.o
                0x08006204                GameObject::GetSprite(int)
 .text._ZN10GameObject7DrawAllEv
                0x08006230       0x8c GameObject.o
                0x08006230                GameObject::DrawAll()
 .text._ZN10GameObject9UpdateAllEv
                0x080062bc       0x8c GameObject.o
                0x080062bc                GameObject::UpdateAll()
 .text._ZN10GameObject11AddAnimatorEv
                0x08006348       0x84 GameObject.o
                0x08006348                GameObject::AddAnimator()
 .text._ZN10GameObject11GetAnimatorEi
                0x080063cc       0x34 GameObject.o
                0x080063cc                GameObject::GetAnimator(int)
 .text._ZN10GameObject12AddComponentEP9Component
                0x08006400       0x40 GameObject.o
                0x08006400                GameObject::AddComponent(Component*)
 .text._ZN3_bn6assert9show_argsIA17_cEEvPKcS4_S4_iRKT_
                0x08006440       0x50 GameObject.o
                0x08006440                void _bn::assert::show_args<char [17]>(char const*, char const*, char const*, int, char const (&) [17])
 .text._ZN3_bn6assert9show_argsIA26_cEEvPKcS4_S4_iRKT_
                0x08006490       0x50 GameObject.o
                0x08006490                void _bn::assert::show_args<char [26]>(char const*, char const*, char const*, int, char const (&) [26])
 .text._ZN2bn14iunordered_setIP10GameObjectNS_4hashIS2_EENS_8equal_toIS2_EEE5eraseERKNS7_14const_iteratorE.isra.0
                0x080064e0      0x160 GameObject.o
 .text._ZN10GameObject8AddChildEPS_
                0x08006640       0xb4 GameObject.o
                0x08006640                GameObject::AddChild(GameObject*)
 .text._ZN10GameObjectC2Ev
                0x080066f4       0xf4 GameObject.o
                0x080066f4                GameObject::GameObject()
                0x080066f4                GameObject::GameObject()
 .text._ZN10GameObject19RemoveAllComponentsEv
                0x080067e8       0xe8 GameObject.o
                0x080067e8                GameObject::RemoveAllComponents()
 .text._ZN10GameObjectD2Ev
                0x080068d0      0x32c GameObject.o
                0x080068d0                GameObject::~GameObject()
                0x080068d0                GameObject::~GameObject()
 .text._ZN10GameObjectD0Ev
                0x08006bfc       0x1c GameObject.o
                0x08006bfc                GameObject::~GameObject()
 .text._ZN10GameObject11RemoveChildEPS_
                0x08006c18       0x88 GameObject.o
                0x08006c18                GameObject::RemoveChild(GameObject*)
 .text.startup._GLOBAL__sub_I__ZN10GameObject6mCountE
                0x08006ca0       0x38 GameObject.o
 .text._ZN3Log6FormatEPKcz
                0x08006cd8      0x670 Log.o
                0x08006cd8                Log::Format(char const*, ...)
 .text._ZN8Profiler8EndFrameEv
                0x08007348       0xf0 Profiler.o
                0x08007348                Profiler::EndFrame()
 .text._ZN8Profiler7ControlEv
                0x08007438       0x34 Profiler.o
                0x08007438                Profiler::Control()
 .text._ZN8Profiler8EndEventEv
                0x0800746c      0x100 Profiler.o
                0x0800746c                Profiler::EndEvent()
 .text._ZN8Profiler10StartEventERKN2bn6stringILi32EEE
                0x0800756c      0x12c Profiler.o
                0x0800756c                Profiler::StartEvent(bn::string<32> const&)
 .text.startup._GLOBAL__sub_I__ZN8Profiler19mCurrentlyCapturingE
                0x08007698       0x28 Profiler.o
 .text._ZN6Random7GetLongEv
                0x080076c0       0x38 Random.o
                0x080076c0                Random::GetLong()
 .text._ZN6Random6GetIntEi
                0x080076f8       0x40 Random.o
                0x080076f8                Random::GetInt(int)
 .text._ZN12SceneManager9SelectAnyEv
                0x08007738      0x6b4 SelectAny.o
                0x08007738                SceneManager::SelectAny()
 .text._ZN6Sprite6UpdateEv
                0x08007dec        0x4 Sprite.o
                0x08007dec                Sprite::Update()
 .text._ZN6SpriteD2Ev
                0x08007df0       0x24 Sprite.o
                0x08007df0                Sprite::~Sprite()
                0x08007df0                Sprite::~Sprite()
 .text._ZN6SpriteD0Ev
                0x08007e14       0x2c Sprite.o
                0x08007e14                Sprite::~Sprite()
 .text._ZN6Sprite4DrawEv
                0x08007e40      0x4e8 Sprite.o
                0x08007e40                Sprite::Draw()
 .text._ZN6Sprite6GetPtrEv
                0x08008328       0x14 Sprite.o
                0x08008328                Sprite::GetPtr()
 .text._ZN6Sprite10SetPaletteERKN2bn19sprite_palette_itemE
                0x0800833c       0x10 Sprite.o
                0x0800833c                Sprite::SetPalette(bn::sprite_palette_item const&)
 .text._ZN6Sprite9SetZOrderEi
                0x0800834c       0x10 Sprite.o
                0x0800834c                Sprite::SetZOrder(int)
 .text._ZN6Sprite9GetZOrderEv
                0x0800835c       0x10 Sprite.o
                0x0800835c                Sprite::GetZOrder()
 .text._ZN6Sprite12SetTransformE9Transform
                0x0800836c       0x40 Sprite.o
                0x0800836c                Sprite::SetTransform(Transform)
 .text._ZN8TextLineD2Ev
                0x080083ac       0x3c TextLine.o
                0x080083ac                TextLine::~TextLine()
                0x080083ac                TextLine::~TextLine()
 .text._ZN8TextLineD0Ev
                0x080083e8       0x48 TextLine.o
                0x080083e8                TextLine::~TextLine()
 .text._ZN8TextLine9SetZOrderEi
                0x08008430       0x40 TextLine.o
                0x08008430                TextLine::SetZOrder(int)
 .text._ZN8TextLine7SetTextEN2bn6stringILi64EEE
                0x08008470      0x2bc TextLine.o
                0x08008470                TextLine::SetText(bn::string<64>)
 .text._ZN8TextLineC2EN2bn6stringILi64EEENS0_11sprite_fontE
                0x0800872c       0xe8 TextLine.o
                0x0800872c                TextLine::TextLine(bn::string<64>, bn::sprite_font)
                0x0800872c                TextLine::TextLine(bn::string<64>, bn::sprite_font)
 .text._ZN8TextLine11AlignCenterEv
                0x08008814       0x98 TextLine.o
                0x08008814                TextLine::AlignCenter()
 .text._ZN9TransformC2Ev
                0x080088ac       0x30 Transform.o
                0x080088ac                Transform::Transform()
                0x080088ac                Transform::Transform()
 .text._ZN9TransformC2E7Vector2
                0x080088dc       0x50 Transform.o
                0x080088dc                Transform::Transform(Vector2)
                0x080088dc                Transform::Transform(Vector2)
 .text._ZNK9Transform8GetScaleEv
                0x0800892c        0x4 Transform.o
                0x0800892c                Transform::GetScale() const
 .text._ZNK9Transform14GetTranslationEv
                0x08008930       0x10 Transform.o
                0x08008930                Transform::GetTranslation() const
 .text._ZN9Transform8SetScaleEN2bn7fixed_tILi12EEE
                0x08008940        0xc Transform.o
                0x08008940                Transform::SetScale(bn::fixed_t<12>)
 .text._ZN9Transform14SetTranslationE7Vector2
                0x0800894c       0x20 Transform.o
                0x0800894c                Transform::SetTranslation(Vector2)
 .text._ZN9Transform9GetMatrixEv
                0x0800896c      0x544 Transform.o
                0x0800896c                Transform::GetMatrix()
 .text._Z5In360N2bn7fixed_tILi12EEE
                0x08008eb0       0x54 engineMath.o
                0x08008eb0                In360(bn::fixed_t<12>)
 .text.startup._GLOBAL__sub_I__Z5In360N2bn7fixed_tILi12EEE
                0x08008f04       0x28 engineMath.o
 .text.startup.main
                0x08008f2c       0x30 main.o
                0x08008f2c                main
 .text._ZN2bn13audio_manager4initEv
                0x08008f5c        0xc bn_audio_manager.o
                0x08008f5c                bn::audio_manager::init()
 .text._ZN2bn13audio_manager7disableEv
                0x08008f68        0xc bn_audio_manager.o
                0x08008f68                bn::audio_manager::disable()
 .text._ZN2bn13audio_manager22disable_vblank_handlerEv
                0x08008f74        0xc bn_audio_manager.o
                0x08008f74                bn::audio_manager::disable_vblank_handler()
 .text._ZN2bn13audio_manager6updateEv
                0x08008f80       0x18 bn_audio_manager.o
                0x08008f80                bn::audio_manager::update()
 .text._ZN2bn13audio_manager6commitEv
                0x08008f98        0xc bn_audio_manager.o
                0x08008f98                bn::audio_manager::commit()
 .text._ZN3_bn6assert9show_argsIA18_ciEEvPKcS4_S4_iRKT_RKT0_
                0x08008fa4       0x58 bn_audio_manager.o
                0x08008fa4                void _bn::assert::show_args<char [18], int>(char const*, char const*, char const*, int, char const (&) [18], int const&)
 .text._ZN3_bn6assert9show_argsIA14_ciEEvPKcS4_S4_iRKT_RKT0_
                0x08008ffc       0x58 bn_audio_manager.o
                0x08008ffc                void _bn::assert::show_args<char [14], int>(char const*, char const*, char const*, int, char const (&) [14], int const&)
 .text._ZN2bn13audio_manager16execute_commandsEv
                0x08009054      0x240 bn_audio_manager.o
                0x08009054                bn::audio_manager::execute_commands()
 .text._ZN3_bn6assert9show_argsIA26_ciEEvPKcS4_S4_iRKT_RKT0_
                0x08009294       0x58 bn_audio_manager.o
                0x08009294                void _bn::assert::show_args<char [26], int>(char const*, char const*, char const*, int, char const (&) [26], int const&)
 .text._ZN3_bn6assert9show_argsIA25_cEEvPKcS4_S4_iRKT_
                0x080092ec       0x50 bn_audio_manager.o
                0x080092ec                void _bn::assert::show_args<char [25]>(char const*, char const*, char const*, int, char const (&) [25])
 .text._ZN2bn13audio_manager10stop_musicEv
                0x0800933c       0x70 bn_audio_manager.o
                0x0800933c                bn::audio_manager::stop_music()
 .text._ZN2bn13audio_manager4stopEv
                0x080093ac       0x60 bn_audio_manager.o
                0x080093ac                bn::audio_manager::stop()
 .text._ZN3_bn6assert9show_argsIA24_cEEvPKcS4_S4_iRKT_
                0x0800940c       0x50 bn_audio_manager.o
                0x0800940c                void _bn::assert::show_args<char [24]>(char const*, char const*, char const*, int, char const (&) [24])
 .text._ZN3_bn6assert9show_argsIA20_cEEvPKcS4_S4_iRKT_
                0x0800945c       0x50 bn_audio_manager.o
                0x0800945c                void _bn::assert::show_args<char [20]>(char const*, char const*, char const*, int, char const (&) [20])
 .text._ZN3_bn6assert9show_argsIA25_cN2bn7fixed_tILi12EEEEEvPKcS7_S7_iRKT_RKT0_
                0x080094ac       0x58 bn_audio_manager.o
                0x080094ac                void _bn::assert::show_args<char [25], bn::fixed_t<12> >(char const*, char const*, char const*, int, char const (&) [25], bn::fixed_t<12> const&)
 .text._ZNK2bn10sound_item4playENS_7fixed_tILi12EEE
                0x08009504       0xa0 bn_audio_manager.o
                0x08009504                bn::sound_item::play(bn::fixed_t<12>) const
 .text.startup._GLOBAL__sub_I__ZN2bn5audio16update_on_vblankEv
                0x080095a4       0x38 bn_audio_manager.o
 .text._ZN2bn18best_fit_allocator4freeEPv
                0x080095dc      0x110 bn_best_fit_allocator.o
                0x080095dc                bn::best_fit_allocator::free(void*)
 .text._ZN3_bn6assert9show_argsIA23_cEEvPKcS4_S4_iRKT_
                0x080096ec       0x50 bn_best_fit_allocator.o
                0x080096ec                void _bn::assert::show_args<char [23]>(char const*, char const*, char const*, int, char const (&) [23])
 .text._ZN2bn18best_fit_allocatorD2Ev
                0x0800973c       0x34 bn_best_fit_allocator.o
                0x0800973c                bn::best_fit_allocator::~best_fit_allocator()
                0x0800973c                bn::best_fit_allocator::~best_fit_allocator()
 .text._ZN2bn18best_fit_allocator5allocEi
                0x08009770      0x160 bn_best_fit_allocator.o
                0x08009770                bn::best_fit_allocator::alloc(int)
 .text._ZN3_bn6assert9show_argsIA20_ciEEvPKcS4_S4_iRKT_RKT0_
                0x080098d0       0x58 bn_best_fit_allocator.o
                0x080098d0                void _bn::assert::show_args<char [20], int>(char const*, char const*, char const*, int, char const (&) [20], int const&)
 .text._ZN3_bn6assert9show_argsIA21_cEEvPKcS4_S4_iRKT_
                0x08009928       0x50 bn_best_fit_allocator.o
                0x08009928                void _bn::assert::show_args<char [21]>(char const*, char const*, char const*, int, char const (&) [21])
 .text._ZN2bn18best_fit_allocator5resetEPvi
                0x08009978       0xc4 bn_best_fit_allocator.o
                0x08009978                bn::best_fit_allocator::reset(void*, int)
 .text._ZN2bn17bg_blocks_manager12_GLOBAL__N_125_regular_map_blocks_countEii
                0x08009a3c       0x38 bn_bg_blocks_manager.o
 .text._ZN2bn13ostringstream11append_argsIiJA4_ctEEEvRKT_DpRKT0_.isra.0
                0x08009a74       0x24 bn_bg_blocks_manager.o
 .text._ZN2bn13ostringstream11append_argsIiJA4_ciEEEvRKT_DpRKT0_.isra.0
                0x08009a98       0x24 bn_bg_blocks_manager.o
 .text._ZNK2bn18regular_bg_map_ptr2idEv
                0x08009abc       0x18 bn_bg_blocks_manager.o
                0x08009abc                bn::regular_bg_map_ptr::id() const
 .text._ZNK2bn18regular_bg_map_ptr10dimensionsEv
                0x08009ad4       0x20 bn_bg_blocks_manager.o
                0x08009ad4                bn::regular_bg_map_ptr::dimensions() const
 .text._ZNK2bn20regular_bg_tiles_ptr3cbbEv
                0x08009af4       0x18 bn_bg_blocks_manager.o
                0x08009af4                bn::regular_bg_tiles_ptr::cbb() const
 .text._ZNK2bn17affine_bg_map_ptr2idEv
                0x08009b0c       0x18 bn_bg_blocks_manager.o
                0x08009b0c                bn::affine_bg_map_ptr::id() const
 .text._ZNK2bn17affine_bg_map_ptr10dimensionsEv
                0x08009b24       0x20 bn_bg_blocks_manager.o
                0x08009b24                bn::affine_bg_map_ptr::dimensions() const
 .text._ZNK2bn19affine_bg_tiles_ptr3cbbEv
                0x08009b44       0x18 bn_bg_blocks_manager.o
                0x08009b44                bn::affine_bg_tiles_ptr::cbb() const
 .text._ZN2bn17bg_blocks_manager10log_statusEv
                0x08009b5c      0x3f8 bn_bg_blocks_manager.o
                0x08009b5c                bn::bg_blocks_manager::log_status()
 .text._ZN2bn17bg_blocks_manager15decrease_usagesEi
                0x08009f54       0x98 bn_bg_blocks_manager.o
                0x08009f54                bn::bg_blocks_manager::decrease_usages(int)
 .text._ZN2bn18regular_bg_map_ptrD2Ev
                0x08009fec       0x18 bn_bg_blocks_manager.o
                0x08009fec                bn::regular_bg_map_ptr::~regular_bg_map_ptr()
                0x08009fec                bn::regular_bg_map_ptr::~regular_bg_map_ptr()
 .text._ZN2bn17bg_blocks_manager12_GLOBAL__N_110items_list12insert_afterEiRKNS1_9item_typeE.constprop.0
                0x0800a004      0x250 bn_bg_blocks_manager.o
 .text._ZN2bn17bg_blocks_manager4initEv
                0x0800a254       0x7c bn_bg_blocks_manager.o
                0x0800a254                bn::bg_blocks_manager::init()
 .text._ZN2bn17bg_blocks_manager11must_commitEi
                0x0800a2d0       0x18 bn_bg_blocks_manager.o
                0x0800a2d0                bn::bg_blocks_manager::must_commit(int)
 .text._ZN3_bn6assert9show_argsIA27_ciEEvPKcS4_S4_iRKT_RKT0_
                0x0800a2e8       0x58 bn_bg_blocks_manager.o
                0x0800a2e8                void _bn::assert::show_args<char [27], int>(char const*, char const*, char const*, int, char const (&) [27], int const&)
 .text._ZN3_bn6assert9show_argsIA15_ciEEvPKcS4_S4_iRKT_RKT0_
                0x0800a340       0x58 bn_bg_blocks_manager.o
                0x0800a340                void _bn::assert::show_args<char [15], int>(char const*, char const*, char const*, int, char const (&) [15], int const&)
 .text._ZN3_bn6assert9show_argsIJA22_ciA4_ciEEEvPKcS5_S5_iDpRKT_
                0x0800a398       0x5c bn_bg_blocks_manager.o
                0x0800a398                void _bn::assert::show_args<char [22], int, char [4], int>(char const*, char const*, char const*, int, char const (&) [22], int const&, char const (&) [4], int const&)
 .text._ZN3_bn6assert9show_argsIJA58_ciA4_ciEEEvPKcS5_S5_iDpRKT_
                0x0800a3f4       0x5c bn_bg_blocks_manager.o
                0x0800a3f4                void _bn::assert::show_args<char [58], int, char [4], int>(char const*, char const*, char const*, int, char const (&) [58], int const&, char const (&) [4], int const&)
 .text._ZN3_bn6assert9show_argsIA22_ciEEvPKcS4_S4_iRKT_RKT0_
                0x0800a450       0x58 bn_bg_blocks_manager.o
                0x0800a450                void _bn::assert::show_args<char [22], int>(char const*, char const*, char const*, int, char const (&) [22], int const&)
 .text._ZN3_bn6assert9show_argsIJA44_cPKtA4_cS4_EEEvPKcS7_S7_iDpRKT_
                0x0800a4a8       0x6c bn_bg_blocks_manager.o
                0x0800a4a8                void _bn::assert::show_args<char [44], unsigned short const*, char [4], unsigned short const*>(char const*, char const*, char const*, int, char const (&) [44], unsigned short const* const&, char const (&) [4], unsigned short const* const&)
 .text._ZN3_bn6assert9show_argsIJA46_ciA4_ciEEEvPKcS5_S5_iDpRKT_
                0x0800a514       0x5c bn_bg_blocks_manager.o
                0x0800a514                void _bn::assert::show_args<char [46], int, char [4], int>(char const*, char const*, char const*, int, char const (&) [46], int const&, char const (&) [4], int const&)
 .text._ZN3_bn6assert9show_argsIJA37_cbA4_cbEEEvPKcS5_S5_iDpRKT_
                0x0800a570       0x84 bn_bg_blocks_manager.o
                0x0800a570                void _bn::assert::show_args<char [37], bool, char [4], bool>(char const*, char const*, char const*, int, char const (&) [37], bool const&, char const (&) [4], bool const&)
 .text._ZN3_bn6assert9show_argsIA19_cEEvPKcS4_S4_iRKT_
                0x0800a5f4       0x50 bn_bg_blocks_manager.o
                0x0800a5f4                void _bn::assert::show_args<char [19]>(char const*, char const*, char const*, int, char const (&) [19])
 .text._ZN2bn17bg_blocks_manager12_GLOBAL__N_116_find_tiles_implEPKtNS_16compression_typeEib
                0x0800a644      0x1d8 bn_bg_blocks_manager.o
 .text._ZN3_bn6assert9show_argsIJA34_ciA4_ctEEEvPKcS5_S5_iDpRKT_
                0x0800a81c       0x5c bn_bg_blocks_manager.o
                0x0800a81c                void _bn::assert::show_args<char [34], int, char [4], unsigned short>(char const*, char const*, char const*, int, char const (&) [34], int const&, char const (&) [4], unsigned short const&)
 .text._ZN3_bn6assert9show_argsIJA36_ciA4_ctEEEvPKcS5_S5_iDpRKT_
                0x0800a878       0x5c bn_bg_blocks_manager.o
                0x0800a878                void _bn::assert::show_args<char [36], int, char [4], unsigned short>(char const*, char const*, char const*, int, char const (&) [36], int const&, char const (&) [4], unsigned short const&)
 .text._ZN3_bn6assert9show_argsIJA54_ciA4_ciEEEvPKcS5_S5_iDpRKT_
                0x0800a8d4       0x5c bn_bg_blocks_manager.o
                0x0800a8d4                void _bn::assert::show_args<char [54], int, char [4], int>(char const*, char const*, char const*, int, char const (&) [54], int const&, char const (&) [4], int const&)
 .text._ZN3_bn6assert9show_argsIA22_cEEvPKcS4_S4_iRKT_
                0x0800a930       0x50 bn_bg_blocks_manager.o
                0x0800a930                void _bn::assert::show_args<char [22]>(char const*, char const*, char const*, int, char const (&) [22])
 .text._ZNK2bn18regular_bg_map_ptr5tilesEv
                0x0800a980       0x48 bn_bg_blocks_manager.o
                0x0800a980                bn::regular_bg_map_ptr::tiles() const
 .text._ZNK2bn17affine_bg_map_ptr5tilesEv
                0x0800a9c8       0x48 bn_bg_blocks_manager.o
                0x0800a9c8                bn::affine_bg_map_ptr::tiles() const
 .text._ZNK2bn18regular_bg_map_ptr3bppEv
                0x0800aa10       0x4c bn_bg_blocks_manager.o
                0x0800aa10                bn::regular_bg_map_ptr::bpp() const
 .text._ZN2bn17bg_blocks_manager21update_affine_map_rowEiii
                0x0800aa5c      0x104 bn_bg_blocks_manager.o
                0x0800aa5c                bn::bg_blocks_manager::update_affine_map_row(int, int, int)
 .text._ZN2bn17bg_blocks_manager23set_affine_map_positionEiii
                0x0800ab60      0x1c4 bn_bg_blocks_manager.o
                0x0800ab60                bn::bg_blocks_manager::set_affine_map_position(int, int, int)
 .text._ZN2bn17bg_blocks_manager21update_affine_map_colEiii
                0x0800ad24      0x224 bn_bg_blocks_manager.o
                0x0800ad24                bn::bg_blocks_manager::update_affine_map_col(int, int, int)
 .text._ZN2bn17bg_blocks_manager22update_regular_map_colEiii
                0x0800af48      0x174 bn_bg_blocks_manager.o
                0x0800af48                bn::bg_blocks_manager::update_regular_map_col(int, int, int)
 .text._ZN2bn17bg_blocks_manager22update_regular_map_rowEiii
                0x0800b0bc      0x14c bn_bg_blocks_manager.o
                0x0800b0bc                bn::bg_blocks_manager::update_regular_map_row(int, int, int)
 .text._ZN2bn17bg_blocks_manager24set_regular_map_positionEiii
                0x0800b208      0x1d4 bn_bg_blocks_manager.o
                0x0800b208                bn::bg_blocks_manager::set_regular_map_position(int, int, int)
 .text._ZN2bn17bg_blocks_manager12_GLOBAL__N_112_commit_itemERKNS1_9item_typeE
                0x0800b3dc      0x2b8 bn_bg_blocks_manager.o
 .text._ZN2bn17bg_blocks_manager6commitEv
                0x0800b694       0x40 bn_bg_blocks_manager.o
                0x0800b694                bn::bg_blocks_manager::commit()
 .text._ZN2bn17bg_blocks_manager21set_regular_map_tilesEiONS_20regular_bg_tiles_ptrE
                0x0800b6d4      0x25c bn_bg_blocks_manager.o
                0x0800b6d4                bn::bg_blocks_manager::set_regular_map_tiles(int, bn::regular_bg_tiles_ptr&&)
 .text._ZN2bn17bg_blocks_manager23set_regular_map_paletteEiONS_14bg_palette_ptrE
                0x0800b930      0x224 bn_bg_blocks_manager.o
                0x0800b930                bn::bg_blocks_manager::set_regular_map_palette(int, bn::bg_palette_ptr&&)
 .text._ZN3_bn6assert9show_argsIJA34_ciA4_ciEEEvPKcS5_S5_iDpRKT_
                0x0800bb54       0x5c bn_bg_blocks_manager.o
                0x0800bb54                void _bn::assert::show_args<char [34], int, char [4], int>(char const*, char const*, char const*, int, char const (&) [34], int const&, char const (&) [4], int const&)
 .text._ZN3_bn6assert9show_argsIJA38_ciA4_ciEEEvPKcS5_S5_iDpRKT_
                0x0800bbb0       0x5c bn_bg_blocks_manager.o
                0x0800bbb0                void _bn::assert::show_args<char [38], int, char [4], int>(char const*, char const*, char const*, int, char const (&) [38], int const&, char const (&) [4], int const&)
 .text._ZN3_bn6assert9show_argsIJA32_cA15_cPKtA16_ciA17_ciA34_cN2bn11string_viewEEEEvPKcSC_SC_iDpRKT_
                0x0800bc0c       0x94 bn_bg_blocks_manager.o
                0x0800bc0c                void _bn::assert::show_args<char [32], char [15], unsigned short const*, char [16], int, char [17], int, char [34], bn::string_view>(char const*, char const*, char const*, int, char const (&) [32], char const (&) [15], unsigned short const* const&, char const (&) [16], int const&, char const (&) [17], int const&, char const (&) [34], bn::string_view const&)
 .text._ZN3_bn6assert9show_argsIA46_cEEvPKcS4_S4_iRKT_
                0x0800bca0       0x50 bn_bg_blocks_manager.o
                0x0800bca0                void _bn::assert::show_args<char [46]>(char const*, char const*, char const*, int, char const (&) [46])
 .text._ZN3_bn6assert9show_argsIJA30_cA13_cPKtA14_ciA15_ciA17_ciA34_cN2bn11string_viewEEEEvPKcSD_SD_iDpRKT_
                0x0800bcf0       0xa8 bn_bg_blocks_manager.o
                0x0800bcf0                void _bn::assert::show_args<char [30], char [13], unsigned short const*, char [14], int, char [15], int, char [17], int, char [34], bn::string_view>(char const*, char const*, char const*, int, char const (&) [30], char const (&) [13], unsigned short const* const&, char const (&) [14], int const&, char const (&) [15], int const&, char const (&) [17], int const&, char const (&) [34], bn::string_view const&)
 .text._ZN3_bn6assert9show_argsIA31_cEEvPKcS4_S4_iRKT_
                0x0800bd98       0x50 bn_bg_blocks_manager.o
                0x0800bd98                void _bn::assert::show_args<char [31]>(char const*, char const*, char const*, int, char const (&) [31])
 .text._ZN3_bn6assert9show_argsIJA37_ciA4_ciEEEvPKcS5_S5_iDpRKT_
                0x0800bde8       0x5c bn_bg_blocks_manager.o
                0x0800bde8                void _bn::assert::show_args<char [37], int, char [4], int>(char const*, char const*, char const*, int, char const (&) [37], int const&, char const (&) [4], int const&)
 .text._ZN2bn17bg_blocks_manager33set_regular_map_tiles_and_paletteEiONS_20regular_bg_tiles_ptrEONS_14bg_palette_ptrE
                0x0800be44      0x2e8 bn_bg_blocks_manager.o
                0x0800be44                bn::bg_blocks_manager::set_regular_map_tiles_and_palette(int, bn::regular_bg_tiles_ptr&&, bn::bg_palette_ptr&&)
 .text._ZN2bn17bg_blocks_manager12_GLOBAL__N_122_find_regular_map_implERKNS_19regular_bg_map_itemERKNS_20regular_bg_tiles_ptrERKNS_14bg_palette_ptrE
                0x0800c12c      0x380 bn_bg_blocks_manager.o
 .text._ZN3_bn6assert9show_argsIA39_ciEEvPKcS4_S4_iRKT_RKT0_
                0x0800c4ac       0x58 bn_bg_blocks_manager.o
                0x0800c4ac                void _bn::assert::show_args<char [39], int>(char const*, char const*, char const*, int, char const (&) [39], int const&)
 .text._ZN2bn14iunordered_mapIPKviNS_17bg_blocks_manager12_GLOBAL__N_115identity_hasherENS_8equal_toIS2_EEE5eraseERKNS8_14const_iteratorE.constprop.0.isra.0
                0x0800c504      0x1a4 bn_bg_blocks_manager.o
 .text._ZN2bn17bg_blocks_manager12_GLOBAL__N_121_remove_adjacent_itemEiRNS1_9item_typeE
                0x0800c6a8       0xcc bn_bg_blocks_manager.o
 .text._ZN2bn17bg_blocks_manager6updateEv
                0x0800c774      0x200 bn_bg_blocks_manager.o
                0x0800c774                bn::bg_blocks_manager::update()
 .text._ZN2bn17bg_blocks_manager12_GLOBAL__N_112_create_itemEiibONS1_11create_dataE
                0x0800c974      0x524 bn_bg_blocks_manager.o
 .text._ZN2bn17bg_blocks_manager12_GLOBAL__N_112_create_implEONS1_11create_dataE
                0x0800ce98      0x1fc bn_bg_blocks_manager.o
 .text._ZN2bn17bg_blocks_manager20create_regular_tilesERKNS_21regular_bg_tiles_itemEb
                0x0800d094      0x148 bn_bg_blocks_manager.o
                0x0800d094                bn::bg_blocks_manager::create_regular_tiles(bn::regular_bg_tiles_item const&, bool)
 .text._ZN2bn17bg_blocks_manager18create_regular_mapERKNS_19regular_bg_map_itemEONS_20regular_bg_tiles_ptrEONS_14bg_palette_ptrEb
                0x0800d1dc      0x27c bn_bg_blocks_manager.o
                0x0800d1dc                bn::bg_blocks_manager::create_regular_map(bn::regular_bg_map_item const&, bn::regular_bg_tiles_ptr&&, bn::bg_palette_ptr&&, bool)
 .text._ZN2bn18regular_bg_map_ptr6createERKNS_15regular_bg_itemE
                0x0800d458       0x50 bn_bg_blocks_manager.o
                0x0800d458                bn::regular_bg_map_ptr::create(bn::regular_bg_item const&)
 .text.startup._GLOBAL__sub_I__ZN2bn7bg_maps16used_cells_countEv
                0x0800d4a8       0x98 bn_bg_blocks_manager.o
 .text.exit._GLOBAL__sub_D__ZN2bn7bg_maps16used_cells_countEv
                0x0800d540       0x50 bn_bg_blocks_manager.o
 .text._ZN2bn11bgs_manager12_GLOBAL__N_129_check_unique_regular_big_mapERNS1_9item_typeE
                0x0800d590       0x68 bn_bgs_manager.o
 .text._ZN2bn11bgs_manager12_GLOBAL__N_133_update_item_hw_affine_attributesERKNS1_9item_typeE
                0x0800d5f8       0x48 bn_bgs_manager.o
 .text._ZN2bn13ostringstream11append_argsIiJA4_ciEEEvRKT_DpRKT0_.isra.0
                0x0800d640       0x24 bn_bgs_manager.o
 .text._ZN2bn11bgs_manager5hw_idEPv
                0x0800d664        0x8 bn_bgs_manager.o
                0x0800d664                bn::bgs_manager::hw_id(void*)
 .text._ZN2bn11bgs_manager11hw_positionEPv
                0x0800d66c        0x4 bn_bgs_manager.o
                0x0800d66c                bn::bgs_manager::hw_position(void*)
 .text._ZN2bn11bgs_manager14mat_attributesEPv
                0x0800d670        0x4 bn_bgs_manager.o
                0x0800d670                bn::bgs_manager::mat_attributes(void*)
 .text._ZN2bn11bgs_manager20update_windows_flagsEPj
                0x0800d674       0x7c bn_bgs_manager.o
                0x0800d674                bn::bgs_manager::update_windows_flags(unsigned int*)
 .text._ZN2bn11bgs_manager28update_regular_map_tiles_cbbEii
                0x0800d6f0       0xa8 bn_bgs_manager.o
                0x0800d6f0                bn::bgs_manager::update_regular_map_tiles_cbb(int, int)
 .text._ZN2bn11bgs_manager30update_regular_map_palette_bppEiNS_8bpp_modeE
                0x0800d798       0xac bn_bgs_manager.o
                0x0800d798                bn::bgs_manager::update_regular_map_palette_bpp(int, bn::bpp_mode)
 .text._ZN2bn11bgs_manager36fill_hblank_effect_regular_positionsEiPKNS_7fixed_tILi12EEEPt
                0x0800d844       0x38 bn_bgs_manager.o
                0x0800d844                bn::bgs_manager::fill_hblank_effect_regular_positions(int, bn::fixed_t<12> const*, unsigned short*)
 .text._ZN2bn11bgs_manager45fill_hblank_effect_pivot_horizontal_positionsEPvPKNS_7fixed_tILi12EEEPj
                0x0800d87c       0x24 bn_bgs_manager.o
                0x0800d87c                bn::bgs_manager::fill_hblank_effect_pivot_horizontal_positions(void*, bn::fixed_t<12> const*, unsigned int*)
 .text._ZN2bn11bgs_manager43fill_hblank_effect_pivot_vertical_positionsEPvPKNS_7fixed_tILi12EEEPj
                0x0800d8a0       0x24 bn_bgs_manager.o
                0x0800d8a0                bn::bgs_manager::fill_hblank_effect_pivot_vertical_positions(void*, bn::fixed_t<12> const*, unsigned int*)
 .text._ZN2bn11bgs_manager6commitEb
                0x0800d8c4       0x58 bn_bgs_manager.o
                0x0800d8c4                bn::bgs_manager::commit(bool)
 .text._ZN2bn11bgs_manager4stopEv
                0x0800d91c       0x28 bn_bgs_manager.o
                0x0800d91c                bn::bgs_manager::stop()
 .text._ZN3_bn6assert9show_argsIA17_ciEEvPKcS4_S4_iRKT_RKT0_
                0x0800d944       0x58 bn_bgs_manager.o
                0x0800d944                void _bn::assert::show_args<char [17], int>(char const*, char const*, char const*, int, char const (&) [17], int const&)
 .text._ZN3_bn6assert9show_argsIA30_cEEvPKcS4_S4_iRKT_
                0x0800d99c       0x50 bn_bgs_manager.o
                0x0800d99c                void _bn::assert::show_args<char [30]>(char const*, char const*, char const*, int, char const (&) [30])
 .text._ZN3_bn6assert9show_argsIJA60_ciA4_ciEEEvPKcS5_S5_iDpRKT_
                0x0800d9ec       0x5c bn_bgs_manager.o
                0x0800d9ec                void _bn::assert::show_args<char [60], int, char [4], int>(char const*, char const*, char const*, int, char const (&) [60], int const&, char const (&) [4], int const&)
 .text._ZN3_bn6assert9show_argsIJA59_ciA4_ciEEEvPKcS5_S5_iDpRKT_
                0x0800da48       0x5c bn_bgs_manager.o
                0x0800da48                void _bn::assert::show_args<char [59], int, char [4], int>(char const*, char const*, char const*, int, char const (&) [59], int const&, char const (&) [4], int const&)
 .text._ZN3_bn6assert9show_argsIJA57_ciA4_ciEEEvPKcS5_S5_iDpRKT_
                0x0800daa4       0x5c bn_bgs_manager.o
                0x0800daa4                void _bn::assert::show_args<char [57], int, char [4], int>(char const*, char const*, char const*, int, char const (&) [57], int const&, char const (&) [4], int const&)
 .text._ZN2bn11bgs_manager14update_camerasEv
                0x0800db00      0x2b4 bn_bgs_manager.o
                0x0800db00                bn::bgs_manager::update_cameras()
 .text._ZN3_bn6assert9show_argsIA27_cEEvPKcS4_S4_iRKT_
                0x0800ddb4       0x50 bn_bgs_manager.o
                0x0800ddb4                void _bn::assert::show_args<char [27]>(char const*, char const*, char const*, int, char const (&) [27])
 .text._ZN2bn11bgs_manager15rebuild_handlesEv.part.0
                0x0800de04      0x198 bn_bgs_manager.o
 .text._ZN3_bn6assert9show_argsIA16_cN2bn7fixed_tILi12EEEEEvPKcS7_S7_iRKT_RKT0_
                0x0800df9c       0x58 bn_bgs_manager.o
                0x0800df9c                void _bn::assert::show_args<char [16], bn::fixed_t<12> >(char const*, char const*, char const*, int, char const (&) [16], bn::fixed_t<12> const&)
 .text._ZN2bn18regular_bg_builder11release_mapEv
                0x0800dff4       0x78 bn_bgs_manager.o
                0x0800dff4                bn::regular_bg_builder::release_map()
 .text._ZN2bn11bgs_manager37fill_hblank_effect_regular_attributesEPvPKNS_21regular_bg_attributesEPt
                0x0800e06c      0x100 bn_bgs_manager.o
                0x0800e06c                bn::bgs_manager::fill_hblank_effect_regular_attributes(void*, bn::regular_bg_attributes const*, unsigned short*)
 .text._ZN2bn11bgs_manager6updateEv
                0x0800e16c      0x1d0 bn_bgs_manager.o
                0x0800e16c                bn::bgs_manager::update()
 .text._ZN2bn11bgs_manager15commit_big_mapsEv
                0x0800e33c      0x1d4 bn_bgs_manager.o
                0x0800e33c                bn::bgs_manager::commit_big_maps()
 .text._ZN2bn11bgs_manager36fill_hblank_effect_affine_attributesEPvPKNS_20affine_bg_attributesEPt
                0x0800e510      0x104 bn_bgs_manager.o
                0x0800e510                bn::bgs_manager::fill_hblank_effect_affine_attributes(void*, bn::affine_bg_attributes const*, unsigned short*)
 .text._ZN2bn11bgs_manager12_GLOBAL__N_19item_type18update_regular_mapEv
                0x0800e614      0x230 bn_bgs_manager.o
 .text._ZN2bn11bgs_manager10affine_mapEPv
                0x0800e844       0x34 bn_bgs_manager.o
                0x0800e844                bn::bgs_manager::affine_map(void*)
 .text._ZN2bn11bgs_manager11regular_mapEPv
                0x0800e878       0x34 bn_bgs_manager.o
                0x0800e878                bn::bgs_manager::regular_map(void*)
 .text._ZN2bn11bgs_manager12_GLOBAL__N_112_insert_itemERNS1_9item_typeE
                0x0800e8ac      0x10c bn_bgs_manager.o
 .text._ZN2bn11bgs_manager6createEONS_18regular_bg_builderE
                0x0800e9b8      0x1d4 bn_bgs_manager.o
                0x0800e9b8                bn::bgs_manager::create(bn::regular_bg_builder&&)
 .text._ZNK2bn15regular_bg_item9create_bgENS_7fixed_tILi12EEES2_
                0x0800eb8c       0x74 bn_bgs_manager.o
                0x0800eb8c                bn::regular_bg_item::create_bg(bn::fixed_t<12>, bn::fixed_t<12>) const
 .text.startup._GLOBAL__sub_I__ZN2bn3bgs16used_items_countEv
                0x0800ec00       0x80 bn_bgs_manager.o
 .text.exit._GLOBAL__sub_D__ZN2bn3bgs16used_items_countEv
                0x0800ec80       0x14 bn_bgs_manager.o
 .text._ZN2bn10camera_ptrD2Ev
                0x0800ec94       0x38 bn_cameras_manager.o
                0x0800ec94                bn::camera_ptr::~camera_ptr()
                0x0800ec94                bn::camera_ptr::~camera_ptr()
 .text._ZNK2bn10camera_ptr8positionEv
                0x0800eccc       0x14 bn_cameras_manager.o
                0x0800eccc                bn::camera_ptr::position() const
 .text._ZN2bn15cameras_manager4initEv
                0x0800ece0       0x10 bn_cameras_manager.o
                0x0800ece0                bn::cameras_manager::init()
 .text._ZN2bn15cameras_manager6updateEv
                0x0800ecf0       0x28 bn_cameras_manager.o
                0x0800ecf0                bn::cameras_manager::update()
 .text._ZN3_bn6assert9show_argsIA23_ciEEvPKcS4_S4_iRKT_RKT0_
                0x0800ed18       0x58 bn_color_effect.o
                0x0800ed18                void _bn::assert::show_args<char [23], int>(char const*, char const*, char const*, int, char const (&) [23], int const&)
 .text._ZN2bn4core12_GLOBAL__N_14stopEb.constprop.0
                0x0800ed70       0x54 bn_core.o
 .text._ZN2bn4core12_GLOBAL__N_111update_implEv
                0x0800edc4       0xd8 bn_core.o
 .text._ZN2bn11string_viewC2EPKc
                0x0800ee9c       0x1c bn_core.o
                0x0800ee9c                bn::string_view::string_view(char const*)
                0x0800ee9c                bn::string_view::string_view(char const*)
 .text._ZN2bn4core6updateEv
                0x0800eeb8       0x68 bn_core.o
                0x0800eeb8                bn::core::update()
 .text._ZN2bn4core4initERKNS_11string_viewE
                0x0800ef20       0x94 bn_core.o
                0x0800ef20                bn::core::init(bn::string_view const&)
 .text._ZN2bn4core4initEv
                0x0800efb4       0x18 bn_core.o
                0x0800efb4                bn::core::init()
 .text._ZN2bn4core9on_vblankEv
                0x0800efcc       0x2c bn_core.o
                0x0800efcc                bn::core::on_vblank()
 .text._ZN3_bn6assert4showEPKcS2_S2_iRKN2bn12istring_baseE
                0x0800eff8       0x80 bn_core.o
                0x0800eff8                _bn::assert::show(char const*, char const*, char const*, int, bn::istring_base const&)
 .text.startup._GLOBAL__sub_I__ZN2bn4core4initEv
                0x0800f078       0x44 bn_core.o
 .text._ZN2bn15display_manager12_GLOBAL__N_134_update_rect_windows_hw_boundariesEi
                0x0800f0bc       0x8c bn_display_manager.o
 .text._ZN2bn15display_manager4initEv
                0x0800f148       0x40 bn_display_manager.o
                0x0800f148                bn::display_manager::init()
 .text._ZN2bn15display_manager8set_modeEi
                0x0800f188       0x1c bn_display_manager.o
                0x0800f188                bn::display_manager::set_mode(int)
 .text._ZN2bn15display_manager14set_bg_enabledEib
                0x0800f1a4       0x1c bn_display_manager.o
                0x0800f1a4                bn::display_manager::set_bg_enabled(int, bool)
 .text._ZN2bn15display_manager15disable_all_bgsEv
                0x0800f1c0       0x18 bn_display_manager.o
                0x0800f1c0                bn::display_manager::disable_all_bgs()
 .text._ZN2bn15display_manager36fill_mosaic_hblank_effect_attributesEPKNS_17mosaic_attributesEPt
                0x0800f1d8       0xb4 bn_display_manager.o
                0x0800f1d8                bn::display_manager::fill_mosaic_hblank_effect_attributes(bn::mosaic_attributes const*, unsigned short*)
 .text._ZN2bn15display_manager23set_blending_bg_enabledEib
                0x0800f28c       0x14 bn_display_manager.o
                0x0800f28c                bn::display_manager::set_blending_bg_enabled(int, bool)
 .text._ZN2bn15display_manager32blending_transparency_top_weightEv
                0x0800f2a0       0x18 bn_display_manager.o
                0x0800f2a0                bn::display_manager::blending_transparency_top_weight()
 .text._ZN2bn15display_manager35blending_transparency_bottom_weightEv
                0x0800f2b8       0x28 bn_display_manager.o
                0x0800f2b8                bn::display_manager::blending_transparency_bottom_weight()
 .text._ZN2bn15display_manager51fill_blending_transparency_hblank_effect_attributesEPKNS_32blending_transparency_attributesEPt
                0x0800f2e0       0x30 bn_display_manager.o
                0x0800f2e0                bn::display_manager::fill_blending_transparency_hblank_effect_attributes(bn::blending_transparency_attributes const*, unsigned short*)
 .text._ZN2bn15display_manager21blending_fade_enabledEv
                0x0800f310       0x10 bn_display_manager.o
                0x0800f310                bn::display_manager::blending_fade_enabled()
 .text._ZN2bn15display_manager39fill_blending_fade_hblank_effect_alphasEPKNS_19blending_fade_alphaEPt
                0x0800f320       0x24 bn_display_manager.o
                0x0800f320                bn::display_manager::fill_blending_fade_hblank_effect_alphas(bn::blending_fade_alpha const*, unsigned short*)
 .text._ZN2bn15display_manager26update_windows_visible_bgsEv
                0x0800f344       0x10 bn_display_manager.o
                0x0800f344                bn::display_manager::update_windows_visible_bgs()
 .text._ZN2bn15display_manager36rect_window_hw_horizontal_boundariesEi
                0x0800f354       0x14 bn_display_manager.o
                0x0800f354                bn::display_manager::rect_window_hw_horizontal_boundaries(int)
 .text._ZN2bn15display_manager34rect_window_hw_vertical_boundariesEi
                0x0800f368       0x14 bn_display_manager.o
                0x0800f368                bn::display_manager::rect_window_hw_vertical_boundaries(int)
 .text._ZN2bn15display_manager52fill_rect_window_hblank_effect_horizontal_boundariesERKNS_4pairIiiEEPKNS1_INS_7fixed_tILi12EEES6_EEPt
                0x0800f37c      0x13c bn_display_manager.o
                0x0800f37c                bn::display_manager::fill_rect_window_hblank_effect_horizontal_boundaries(bn::pair<int, int> const&, bn::pair<bn::fixed_t<12>, bn::fixed_t<12> > const*, unsigned short*)
 .text._ZN2bn15display_manager50fill_rect_window_hblank_effect_vertical_boundariesERKNS_4pairIiiEEPKNS1_INS_7fixed_tILi12EEES6_EEPt
                0x0800f4b8      0x13c bn_display_manager.o
                0x0800f4b8                bn::display_manager::fill_rect_window_hblank_effect_vertical_boundaries(bn::pair<int, int> const&, bn::pair<bn::fixed_t<12>, bn::fixed_t<12> > const*, unsigned short*)
 .text._ZN2bn15display_manager36fill_green_swap_hblank_effect_statesEPKbPt
                0x0800f5f4       0x38 bn_display_manager.o
                0x0800f5f4                bn::display_manager::fill_green_swap_hblank_effect_states(bool const*, unsigned short*)
 .text._ZN2bn15display_manager14update_camerasEv
                0x0800f62c       0x40 bn_display_manager.o
                0x0800f62c                bn::display_manager::update_cameras()
 .text._ZN2bn15display_manager6updateEv
                0x0800f66c      0x218 bn_display_manager.o
                0x0800f66c                bn::display_manager::update()
 .text._ZN2bn15display_manager6commitEv
                0x0800f884      0x164 bn_display_manager.o
                0x0800f884                bn::display_manager::commit()
 .text._ZN2bn15display_manager4stopEv
                0x0800f9e8       0x28 bn_display_manager.o
                0x0800f9e8                bn::display_manager::stop()
 .text._ZN3_bn6assert9show_argsIA66_cEEvPKcS4_S4_iRKT_
                0x0800fa10       0x50 bn_display_manager.o
                0x0800fa10                void _bn::assert::show_args<char [66]>(char const*, char const*, char const*, int, char const (&) [66])
 .text.startup._GLOBAL__sub_I__ZNK2bn6window7show_bgERKNS_14regular_bg_ptrE
                0x0800fa60       0x7c bn_display_manager.o
 .text.exit._GLOBAL__sub_D__ZNK2bn6window7show_bgERKNS_14regular_bg_ptrE
                0x0800fadc       0x38 bn_display_manager.o
 .text._ZN2bn18igeneric_pool_baseC2EPci
                0x0800fb14       0x10 bn_generic_pool.o
                0x0800fb14                bn::igeneric_pool_base::igeneric_pool_base(char*, int)
                0x0800fb14                bn::igeneric_pool_base::igeneric_pool_base(char*, int)
 .text._ZN2bn18igeneric_pool_base5_freeEPc
                0x0800fb24       0x10 bn_generic_pool.o
                0x0800fb24                bn::igeneric_pool_base::_free(char*)
 .text._ZN3_bn6assert9show_argsIA18_cEEvPKcS4_S4_iRKT_
                0x0800fb34       0x50 bn_generic_pool.o
                0x0800fb34                void _bn::assert::show_args<char [18]>(char const*, char const*, char const*, int, char const (&) [18])
 .text._ZN2bn18igeneric_pool_baseD2Ev
                0x0800fb84       0x30 bn_generic_pool.o
                0x0800fb84                bn::igeneric_pool_base::~igeneric_pool_base()
                0x0800fb84                bn::igeneric_pool_base::~igeneric_pool_base()
 .text._ZN2bn18igeneric_pool_base9_allocateEv
                0x0800fbb4       0x48 bn_generic_pool.o
                0x0800fbb4                bn::igeneric_pool_base::_allocate()
 .text._ZN2bn12gpio_manager6commitEv
                0x0800fbfc       0x48 bn_gpio_manager.o
                0x0800fbfc                bn::gpio_manager::commit()
 .text._ZN2bn12gpio_manager4stopEv
                0x0800fc44       0x3c bn_gpio_manager.o
                0x0800fc44                bn::gpio_manager::stop()
 .text._ZN2bn22hblank_effects_manager12_GLOBAL__N_19item_type18_output_values_ptrEv
                0x0800fc80       0x40 bn_hblank_effects_manager.o
 .text._ZN2bn22hblank_effects_manager7disableEv
                0x0800fcc0       0x24 bn_hblank_effects_manager.o
                0x0800fcc0                bn::hblank_effects_manager::disable()
 .text._ZN2bn22hblank_effects_manager6commitEv
                0x0800fce4       0x74 bn_hblank_effects_manager.o
                0x0800fce4                bn::hblank_effects_manager::commit()
 .text._ZN2bn22hblank_effects_manager12_GLOBAL__N_110_is_uint32ENS0_12handler_typeE
                0x0800fd58       0x64 bn_hblank_effects_manager.o
 .text._ZN2bn22hblank_effects_manager12_GLOBAL__N_19item_type12check_updateEv
                0x0800fdbc     0x15f8 bn_hblank_effects_manager.o
 .text._ZN2bn22hblank_effects_manager6updateEv
                0x080113b4      0x1ec bn_hblank_effects_manager.o
                0x080113b4                bn::hblank_effects_manager::update()
 .text._ZN2bn22hblank_effects_manager4initEv
                0x080115a0       0xd4 bn_hblank_effects_manager.o
                0x080115a0                bn::hblank_effects_manager::init()
 .text.startup._GLOBAL__sub_I__ZN2bn4hbes10used_countEv
                0x08011674       0xe8 bn_hblank_effects_manager.o
 .text._ZN2bn12hdma_manager7disableEv
                0x0801175c       0x30 bn_hdma_manager.o
                0x0801175c                bn::hdma_manager::disable()
 .text._ZN2bn12hdma_manager10force_stopEv
                0x0801178c       0x3c bn_hdma_manager.o
                0x0801178c                bn::hdma_manager::force_stop()
 .text._ZN2bn12hdma_manager6updateEv
                0x080117c8       0x6c bn_hdma_manager.o
                0x080117c8                bn::hdma_manager::update()
 .text._ZN2bn12hdma_manager6commitEb
                0x08011834      0x118 bn_hdma_manager.o
                0x08011834                bn::hdma_manager::commit(bool)
 .text.startup._GLOBAL__sub_I__ZN2bn4hdma7runningEv
                0x0801194c       0x34 bn_hdma_manager.o
 .text._ZN2bn6keypad9a_pressedEv
                0x08011980       0x10 bn_keypad_manager.o
                0x08011980                bn::keypad::a_pressed()
 .text._ZN2bn6keypad9b_pressedEv
                0x08011990       0x10 bn_keypad_manager.o
                0x08011990                bn::keypad::b_pressed()
 .text._ZN2bn6keypad13start_pressedEv
                0x080119a0       0x10 bn_keypad_manager.o
                0x080119a0                bn::keypad::start_pressed()
 .text._ZN2bn6keypad13right_pressedEv
                0x080119b0       0x10 bn_keypad_manager.o
                0x080119b0                bn::keypad::right_pressed()
 .text._ZN2bn6keypad12left_pressedEv
                0x080119c0       0x10 bn_keypad_manager.o
                0x080119c0                bn::keypad::left_pressed()
 .text._ZN2bn6keypad10up_pressedEv
                0x080119d0       0x10 bn_keypad_manager.o
                0x080119d0                bn::keypad::up_pressed()
 .text._ZN2bn6keypad12down_pressedEv
                0x080119e0       0x10 bn_keypad_manager.o
                0x080119e0                bn::keypad::down_pressed()
 .text._ZN2bn6keypad9r_pressedEv
                0x080119f0       0x10 bn_keypad_manager.o
                0x080119f0                bn::keypad::r_pressed()
 .text._ZN2bn6keypad9l_pressedEv
                0x08011a00       0x10 bn_keypad_manager.o
                0x08011a00                bn::keypad::l_pressed()
 .text._ZN2bn14keypad_manager4stopEv
                0x08011a10        0x4 bn_keypad_manager.o
                0x08011a10                bn::keypad_manager::stop()
 .text._ZN2bn14keypad_manager6updateEv
                0x08011a14       0xa8 bn_keypad_manager.o
                0x08011a14                bn::keypad_manager::update()
 .text._ZN3_bn6assert9show_argsIA24_ciEEvPKcS4_S4_iRKT_RKT0_
                0x08011abc       0x58 bn_keypad_manager.o
                0x08011abc                void _bn::assert::show_args<char [24], int>(char const*, char const*, char const*, int, char const (&) [24], int const&)
 .text._ZN2bn14keypad_manager4initERKNS_11string_viewE
                0x08011b14       0x58 bn_keypad_manager.o
                0x08011b14                bn::keypad_manager::init(bn::string_view const&)
 .text._ZN2bn12link_manager4initEv
                0x08011b6c        0xc bn_link_manager.o
                0x08011b6c                bn::link_manager::init()
 .text._ZN2bn12link_manager6activeEv
                0x08011b78        0xc bn_link_manager.o
                0x08011b78                bn::link_manager::active()
 .text._ZN2bn12link_manager7disableEv
                0x08011b84       0x18 bn_link_manager.o
                0x08011b84                bn::link_manager::disable()
 .text._ZN3_bn6assert9show_argsIA28_ciEEvPKcS4_S4_iRKT_RKT0_
                0x08011b9c       0x58 bn_link_manager.o
                0x08011b9c                void _bn::assert::show_args<char [28], int>(char const*, char const*, char const*, int, char const (&) [28], int const&)
 .text._ZN2bn3logERKNS_12istring_baseE
                0x08011bf4        0xc bn_log.o
                0x08011bf4                bn::log(bn::istring_base const&)
 .text._ZN3_bn9sqrt_implEi
                0x08011c00       0x18 bn_math.o
                0x08011c00                _bn::sqrt_impl(int)
 .text._ZN3_bn6assert9show_argsIA12_ciEEvPKcS4_S4_iRKT_RKT0_
                0x08011c18       0x58 bn_math.o
                0x08011c18                void _bn::assert::show_args<char [12], int>(char const*, char const*, char const*, int, char const (&) [12], int const&)
 .text._ZN2bn5atan2Eii
                0x08011c70       0x84 bn_math.o
                0x08011c70                bn::atan2(int, int)
 .text._ZdlPvj  0x08011cf4       0x18 bn_memory_manager.o
                0x08011cf4                operator delete(void*, unsigned int)
 .text._ZN3_bn6memory18unsafe_clear_bytesEiPv
                0x08011d0c       0x14 bn_memory_manager.o
                0x08011d0c                _bn::memory::unsafe_clear_bytes(int, void*)
 .text._ZN3_bn6memory23unsafe_clear_half_wordsEiPv
                0x08011d20       0x14 bn_memory_manager.o
                0x08011d20                _bn::memory::unsafe_clear_half_words(int, void*)
 .text._ZN3_bn6memory18unsafe_clear_wordsEiPv
                0x08011d34       0x14 bn_memory_manager.o
                0x08011d34                _bn::memory::unsafe_clear_words(int, void*)
 .text._ZN2bn14memory_manager4initEv
                0x08011d48       0x20 bn_memory_manager.o
                0x08011d48                bn::memory_manager::init()
 .text._ZN3_bn6assert9show_argsIA35_cjEEvPKcS4_S4_iRKT_RKT0_
                0x08011d68       0x58 bn_memory_manager.o
                0x08011d68                void _bn::assert::show_args<char [35], unsigned int>(char const*, char const*, char const*, int, char const (&) [35], unsigned int const&)
 .text._Znwj    0x08011dc0       0x40 bn_memory_manager.o
                0x08011dc0                operator new(unsigned int)
 .text._ZN2bn6memcpyEPvPKvi
                0x08011e00       0x70 bn_memory_manager.o
                0x08011e00                bn::memcpy(void*, void const*, int)
 .text.exit._GLOBAL__sub_D__Znwj
                0x08011e70       0x14 bn_memory_manager.o
 .text._ZN2bn2hw8palettes9grayscaleEPKNS_5colorEiiPS2_.part.0
                0x08011e84       0x40 bn_palettes_manager.o
 .text._ZN2bn14bg_palette_ptrC2ERKS0_
                0x08011ec4       0x2c bn_palettes_manager.o
                0x08011ec4                bn::bg_palette_ptr::bg_palette_ptr(bn::bg_palette_ptr const&)
                0x08011ec4                bn::bg_palette_ptr::bg_palette_ptr(bn::bg_palette_ptr const&)
 .text._ZNK2bn14bg_palette_ptr3bppEv
                0x08011ef0       0x20 bn_palettes_manager.o
                0x08011ef0                bn::bg_palette_ptr::bpp() const
 .text._ZN2bn18sprite_palette_ptrC2ERKS0_
                0x08011f10       0x1c bn_palettes_manager.o
                0x08011f10                bn::sprite_palette_ptr::sprite_palette_ptr(bn::sprite_palette_ptr const&)
                0x08011f10                bn::sprite_palette_ptr::sprite_palette_ptr(bn::sprite_palette_ptr const&)
 .text._ZNK2bn18sprite_palette_ptr3bppEv
                0x08011f2c       0x1c bn_palettes_manager.o
                0x08011f2c                bn::sprite_palette_ptr::bpp() const
 .text._ZNK2bn13palettes_bank10log_statusEv
                0x08011f48      0x178 bn_palettes_manager.o
                0x08011f48                bn::palettes_bank::log_status() const
 .text._ZNK2bn13palettes_bank20retrieve_commit_dataEv
                0x080120c0       0x4c bn_palettes_manager.o
                0x080120c0                bn::palettes_bank::retrieve_commit_data() const
 .text._ZNK2bn13palettes_bank12_same_colorsERKNS_4spanIKNS_5colorEEEi
                0x0801210c       0x50 bn_palettes_manager.o
                0x0801210c                bn::palettes_bank::_same_colors(bn::span<bn::color const> const&, int) const
 .text._ZN2bn13palettes_bank10find_bpp_4ERKNS_4spanIKNS_5colorEEEt
                0x0801215c       0xdc bn_palettes_manager.o
                0x0801215c                bn::palettes_bank::find_bpp_4(bn::span<bn::color const> const&, unsigned short)
 .text._ZNK2bn13palettes_bank21_apply_global_effectsEiPNS_5colorE
                0x08012238      0x13c bn_palettes_manager.o
                0x08012238                bn::palettes_bank::_apply_global_effects(int, bn::color*) const
 .text._ZNK2bn13palettes_bank25fill_hblank_effect_colorsEPKNS_5colorEPt
                0x08012374       0x30 bn_palettes_manager.o
                0x08012374                bn::palettes_bank::fill_hblank_effect_colors(bn::color const*, unsigned short*) const
 .text._ZNK2bn13palettes_bank7palette13apply_effectsEiPNS_5colorE
                0x080123a4       0xbc bn_palettes_manager.o
                0x080123a4                bn::palettes_bank::palette::apply_effects(int, bn::color*) const
 .text._ZNK2bn13palettes_bank25fill_hblank_effect_colorsEiPKNS_5colorEPt
                0x08012460       0x44 bn_palettes_manager.o
                0x08012460                bn::palettes_bank::fill_hblank_effect_colors(int, bn::color const*, unsigned short*) const
 .text._ZN2bn13palettes_bank15_update_paletteEi
                0x080124a4       0x6c bn_palettes_manager.o
                0x080124a4                bn::palettes_bank::_update_palette(int)
 .text._ZN2bn13palettes_bank6updateEv
                0x08012510      0x124 bn_palettes_manager.o
                0x08012510                bn::palettes_bank::update()
 .text._ZN2bn13palettes_bankC2Ev
                0x08012634       0xcc bn_palettes_manager.o
                0x08012634                bn::palettes_bank::palettes_bank()
                0x08012634                bn::palettes_bank::palettes_bank()
 .text._ZN2bn16palettes_manager20sprite_palettes_bankEv
                0x08012700        0x8 bn_palettes_manager.o
                0x08012700                bn::palettes_manager::sprite_palettes_bank()
 .text._ZN2bn16palettes_manager16bg_palettes_bankEv
                0x08012708        0x8 bn_palettes_manager.o
                0x08012708                bn::palettes_manager::bg_palettes_bank()
 .text._ZN2bn16palettes_manager6updateEv
                0x08012710       0x20 bn_palettes_manager.o
                0x08012710                bn::palettes_manager::update()
 .text._ZN2bn16palettes_manager6commitEb
                0x08012730       0xf4 bn_palettes_manager.o
                0x08012730                bn::palettes_manager::commit(bool)
 .text._ZN2bn16palettes_manager4stopEv
                0x08012824       0x20 bn_palettes_manager.o
                0x08012824                bn::palettes_manager::stop()
 .text._ZN3_bn6assert9show_argsIA35_cEEvPKcS4_S4_iRKT_
                0x08012844       0x50 bn_palettes_manager.o
                0x08012844                void _bn::assert::show_args<char [35]>(char const*, char const*, char const*, int, char const (&) [35])
 .text._ZN2bn13palettes_bank11colors_hashERKNS_4spanIKNS_5colorEEE
                0x08012894       0x50 bn_palettes_manager.o
                0x08012894                bn::palettes_bank::colors_hash(bn::span<bn::color const> const&)
 .text._ZN3_bn6assert9show_argsIJA43_ciA36_cA42_cEEEvPKcS6_S6_iDpRKT_
                0x080128e4       0x68 bn_palettes_manager.o
                0x080128e4                void _bn::assert::show_args<char [43], int, char [36], char [42]>(char const*, char const*, char const*, int, char const (&) [43], int const&, char const (&) [36], char const (&) [42])
 .text._ZN2bn13palettes_bank12create_bpp_8ERKNS_4spanIKNS_5colorEEENS_16compression_typeEb
                0x0801294c      0x22c bn_palettes_manager.o
                0x0801294c                bn::palettes_bank::create_bpp_8(bn::span<bn::color const> const&, bn::compression_type, bool)
 .text._ZNK2bn15bg_palette_item10decompressENS_4spanINS_5colorEEE
                0x08012b78      0x16c bn_palettes_manager.o
                0x08012b78                bn::bg_palette_item::decompress(bn::span<bn::color>) const
 .text._ZNK2bn19sprite_palette_item10decompressENS_4spanINS_5colorEEE
                0x08012ce4      0x16c bn_palettes_manager.o
                0x08012ce4                bn::sprite_palette_item::decompress(bn::span<bn::color>) const
 .text._ZN2bn13palettes_bank12create_bpp_4ERKNS_4spanIKNS_5colorEEEtb
                0x08012e50      0x298 bn_palettes_manager.o
                0x08012e50                bn::palettes_bank::create_bpp_4(bn::span<bn::color const> const&, unsigned short, bool)
 .text._ZN2bn12_GLOBAL__N_112_create_implERKNS_15bg_palette_itemEb
                0x080130e8       0x94 bn_palettes_manager.o
 .text._ZN2bn14bg_palette_ptr6createERKNS_15bg_palette_itemE
                0x0801317c       0x54 bn_palettes_manager.o
                0x0801317c                bn::bg_palette_ptr::create(bn::bg_palette_item const&)
 .text._ZNK2bn15bg_palette_item14create_paletteEv
                0x080131d0       0x10 bn_palettes_manager.o
                0x080131d0                bn::bg_palette_item::create_palette() const
 .text._ZN2bn12_GLOBAL__N_112_create_implERKNS_19sprite_palette_itemEb
                0x080131e0       0x7c bn_palettes_manager.o
 .text._ZNK2bn19sprite_palette_item14create_paletteEv
                0x0801325c       0x48 bn_palettes_manager.o
                0x0801325c                bn::sprite_palette_item::create_palette() const
 .text._ZNK2bn19sprite_palette_item18create_new_paletteEv
                0x080132a4       0x8c bn_palettes_manager.o
                0x080132a4                bn::sprite_palette_item::create_new_palette() const
 .text._ZN2bn14iunordered_mapItsNS_13palettes_bank15identity_hasherENS_8equal_toItEEE5eraseERKNS5_14const_iteratorE.isra.0
                0x08013330      0x170 bn_palettes_manager.o
 .text._ZN2bn13palettes_bank15decrease_usagesEi.part.0
                0x080134a0       0xdc bn_palettes_manager.o
 .text._ZN2bn14bg_palette_ptrD2Ev
                0x0801357c       0x3c bn_palettes_manager.o
                0x0801357c                bn::bg_palette_ptr::~bg_palette_ptr()
                0x0801357c                bn::bg_palette_ptr::~bg_palette_ptr()
 .text._ZN2bn18sprite_palette_ptrD2Ev
                0x080135b8       0x30 bn_palettes_manager.o
                0x080135b8                bn::sprite_palette_ptr::~sprite_palette_ptr()
                0x080135b8                bn::sprite_palette_ptr::~sprite_palette_ptr()
 .text._ZN2bn14bg_palette_ptraSERKS0_
                0x080135e8       0x5c bn_palettes_manager.o
                0x080135e8                bn::bg_palette_ptr::operator=(bn::bg_palette_ptr const&)
 .text._ZN2bn18sprite_palette_ptr4findERKNS_19sprite_palette_itemE
                0x08013644      0x110 bn_palettes_manager.o
                0x08013644                bn::sprite_palette_ptr::find(bn::sprite_palette_item const&)
 .text._ZNK2bn19sprite_palette_item12find_paletteEv
                0x08013754       0x10 bn_palettes_manager.o
                0x08013754                bn::sprite_palette_item::find_palette() const
 .text.startup._GLOBAL__sub_I__ZN2bn11bg_palettes17used_colors_countEv
                0x08013764       0x20 bn_palettes_manager.o
 .text._ZN2bn26sprite_affine_mats_manager12_GLOBAL__N_119_sprite_double_sizeILi32ELi16EEEbiiiii
                0x08013784       0x84 bn_sprite_affine_mats_manager.o
 .text._ZN2bn26sprite_affine_mats_manager12_GLOBAL__N_119_sprite_double_sizeILi16ELi32EEEbiiiii
                0x08013808       0x84 bn_sprite_affine_mats_manager.o
 .text._ZN2bn26sprite_affine_mats_manager12_GLOBAL__N_124_update_flipped_identityEi
                0x0801388c       0xb4 bn_sprite_affine_mats_manager.o
 .text._ZN2bn26sprite_affine_mats_manager12_GLOBAL__N_17_updateEi
                0x08013940       0x74 bn_sprite_affine_mats_manager.o
 .text._ZNK2bn21sprite_affine_mat_ptr15horizontal_flipEv
                0x080139b4       0x18 bn_sprite_affine_mats_manager.o
                0x080139b4                bn::sprite_affine_mat_ptr::horizontal_flip() const
 .text._ZNK2bn21sprite_affine_mat_ptr13vertical_flipEv
                0x080139cc       0x18 bn_sprite_affine_mats_manager.o
                0x080139cc                bn::sprite_affine_mat_ptr::vertical_flip() const
 .text._ZNK2bn21sprite_affine_mat_ptr16flipped_identityEv
                0x080139e4       0x14 bn_sprite_affine_mats_manager.o
                0x080139e4                bn::sprite_affine_mat_ptr::flipped_identity() const
 .text._ZN2bn26sprite_affine_mats_manager13attach_spriteEiRNS_24intrusive_list_node_typeE
                0x080139f8       0x2c bn_sprite_affine_mats_manager.o
                0x080139f8                bn::sprite_affine_mats_manager::attach_sprite(int, bn::intrusive_list_node_type&)
 .text._ZN2bn26sprite_affine_mats_manager18sprite_double_sizeEiRKNS_17sprite_shape_sizeE
                0x08013a24      0x1dc bn_sprite_affine_mats_manager.o
                0x08013a24                bn::sprite_affine_mats_manager::sprite_double_size(int, bn::sprite_shape_size const&)
 .text._ZN2bn26sprite_affine_mats_manager20retrieve_commit_dataEv
                0x08013c00       0x38 bn_sprite_affine_mats_manager.o
                0x08013c00                bn::sprite_affine_mats_manager::retrieve_commit_data()
 .text._ZN3_bn6assert9show_argsIA37_cEEvPKcS4_S4_iRKT_
                0x08013c38       0x50 bn_sprite_affine_mats_manager.o
                0x08013c38                void _bn::assert::show_args<char [37]>(char const*, char const*, char const*, int, char const (&) [37])
 .text._ZN2bn26sprite_affine_mats_manager18set_rotation_angleEiNS_7fixed_tILi12EEE
                0x08013c88      0x130 bn_sprite_affine_mats_manager.o
                0x08013c88                bn::sprite_affine_mats_manager::set_rotation_angle(int, bn::fixed_t<12>)
 .text._ZN2bn21sprite_affine_mat_ptr18set_rotation_angleENS_7fixed_tILi12EEE
                0x08013db8       0x14 bn_sprite_affine_mats_manager.o
                0x08013db8                bn::sprite_affine_mat_ptr::set_rotation_angle(bn::fixed_t<12>)
 .text._ZN2bn26sprite_affine_mats_manager9set_scaleEiNS_7fixed_tILi12EEE
                0x08013dcc      0x138 bn_sprite_affine_mats_manager.o
                0x08013dcc                bn::sprite_affine_mats_manager::set_scale(int, bn::fixed_t<12>)
 .text._ZN2bn21sprite_affine_mat_ptr9set_scaleENS_7fixed_tILi12EEE
                0x08013f04       0x14 bn_sprite_affine_mats_manager.o
                0x08013f04                bn::sprite_affine_mat_ptr::set_scale(bn::fixed_t<12>)
 .text._ZN2bn26sprite_affine_mats_manager12_GLOBAL__N_115_new_item_indexEv
                0x08013f18       0xd8 bn_sprite_affine_mats_manager.o
 .text._ZN2bn26sprite_affine_mats_manager15create_optionalERKNS_21affine_mat_attributesE
                0x08013ff0       0xf8 bn_sprite_affine_mats_manager.o
                0x08013ff0                bn::sprite_affine_mats_manager::create_optional(bn::affine_mat_attributes const&)
 .text._ZN2bn21sprite_affine_mat_ptr6createERKNS_21affine_mat_attributesE
                0x080140e8       0x3c bn_sprite_affine_mats_manager.o
                0x080140e8                bn::sprite_affine_mat_ptr::create(bn::affine_mat_attributes const&)
 .text._ZN2bn26sprite_affine_mats_manager15decrease_usagesEi.part.0
                0x08014124       0x68 bn_sprite_affine_mats_manager.o
 .text._ZN2bn21sprite_affine_mat_ptrD2Ev
                0x0801418c       0x34 bn_sprite_affine_mats_manager.o
                0x0801418c                bn::sprite_affine_mat_ptr::~sprite_affine_mat_ptr()
                0x0801418c                bn::sprite_affine_mat_ptr::~sprite_affine_mat_ptr()
 .text._ZN2bn26sprite_affine_mats_manager6updateEv
                0x080141c0       0xa0 bn_sprite_affine_mats_manager.o
                0x080141c0                bn::sprite_affine_mats_manager::update()
 .text._ZN2bn26sprite_affine_mats_manager4initEPv
                0x08014260       0x6c bn_sprite_affine_mats_manager.o
                0x08014260                bn::sprite_affine_mats_manager::init(void*)
 .text._ZN2bn26sprite_affine_mats_manager14dettach_spriteEiRNS_24intrusive_list_node_typeE
                0x080142cc       0x50 bn_sprite_affine_mats_manager.o
                0x080142cc                bn::sprite_affine_mats_manager::dettach_sprite(int, bn::intrusive_list_node_type&)
 .text.startup._GLOBAL__sub_I__ZN2bn18sprite_affine_mats10used_countEv
                0x0801431c       0x98 bn_sprite_affine_mats_manager.o
 .text.exit._GLOBAL__sub_D__ZN2bn18sprite_affine_mats10used_countEv
                0x080143b4       0x3c bn_sprite_affine_mats_manager.o
 .text._ZN2bn13ostringstream11append_argsIiJA4_ciEEEvRKT_DpRKT0_.isra.0
                0x080143f0       0x24 bn_sprite_animate_actions.o
 .text._ZN2bn22isprite_animate_action9_set_refsERNS_10sprite_ptrERNS_17sprite_tiles_itemERNS_7ivectorItEE
                0x08014414        0x4 bn_sprite_animate_actions.o
                0x08014414                bn::isprite_animate_action::_set_refs(bn::sprite_ptr&, bn::sprite_tiles_item&, bn::ivector<unsigned short>&)
 .text._ZN2bn22isprite_animate_action7_assignERKS0_
                0x08014418       0x10 bn_sprite_animate_actions.o
                0x08014418                bn::isprite_animate_action::_assign(bn::isprite_animate_action const&)
 .text._ZN3_bn6assert9show_argsIJA28_ciA4_ciEEEvPKcS5_S5_iDpRKT_